

================================================================
== Vitis HLS Report for 'matmul_Pipeline_VITIS_LOOP_64_10'
================================================================
* Date:           Mon Apr  8 23:46:08 2024

* Version:        2023.2 (Build 4023990 on Oct 11 2023)
* Project:        dma_ps
* Solution:       solution1 (Vivado IP Flow Target)
* Product family: zynquplus
* Target device:  xczu7ev-ffvc1156-2-e


================================================================
== Performance Estimates
================================================================
+ Timing: 
    * Summary: 
    +--------+----------+----------+------------+
    |  Clock |  Target  | Estimated| Uncertainty|
    +--------+----------+----------+------------+
    |ap_clk  |  10.00 ns|  7.200 ns|     2.80 ns|
    +--------+----------+----------+------------+

+ Latency: 
    * Summary: 
    +---------+---------+----------+----------+-----+-----+---------+
    |  Latency (cycles) |  Latency (absolute) |  Interval | Pipeline|
    |   min   |   max   |    min   |    max   | min | max |   Type  |
    +---------+---------+----------+----------+-----+-----+---------+
    |      309|      309|  3.090 us|  3.090 us|  309|  309|       no|
    +---------+---------+----------+----------+-----+-----+---------+

    + Detail: 
        * Instance: 
        N/A

        * Loop: 
        +--------------------+---------+---------+----------+-----------+-----------+------+----------+
        |                    |  Latency (cycles) | Iteration|  Initiation Interval  | Trip |          |
        |      Loop Name     |   min   |   max   |  Latency |  achieved |   target  | Count| Pipelined|
        +--------------------+---------+---------+----------+-----------+-----------+------+----------+
        |- VITIS_LOOP_64_10  |      307|      307|        23|         19|          1|    16|       yes|
        +--------------------+---------+---------+----------+-----------+-----------+------+----------+



================================================================
== Utilization Estimates
================================================================
* Summary: 
+-----------------+---------+------+--------+--------+-----+
|       Name      | BRAM_18K|  DSP |   FF   |   LUT  | URAM|
+-----------------+---------+------+--------+--------+-----+
|DSP              |        -|     1|       -|       -|    -|
|Expression       |        -|     -|       0|     153|    -|
|FIFO             |        -|     -|       -|       -|    -|
|Instance         |        -|    20|    2270|    3180|    -|
|Memory           |        -|     -|       -|       -|    -|
|Multiplexer      |        -|     -|       -|     200|    -|
|Register         |        -|     -|    1715|       -|    -|
+-----------------+---------+------+--------+--------+-----+
|Total            |        0|    21|    3985|    3533|    0|
+-----------------+---------+------+--------+--------+-----+
|Available        |      624|  1728|  460800|  230400|   96|
+-----------------+---------+------+--------+--------+-----+
|Utilization (%)  |        0|     1|      ~0|       1|    0|
+-----------------+---------+------+--------+--------+-----+

+ Detail: 
    * Instance: 
    +--------------------------------------+--------------------------------+---------+----+-----+-----+-----+
    |               Instance               |             Module             | BRAM_18K| DSP|  FF | LUT | URAM|
    +--------------------------------------+--------------------------------+---------+----+-----+-----+-----+
    |fadd_32ns_32ns_32_4_full_dsp_1_U1119  |fadd_32ns_32ns_32_4_full_dsp_1  |        0|   2|  227|  214|    0|
    |fadd_32ns_32ns_32_4_full_dsp_1_U1120  |fadd_32ns_32ns_32_4_full_dsp_1  |        0|   2|  227|  214|    0|
    |fadd_32ns_32ns_32_4_full_dsp_1_U1121  |fadd_32ns_32ns_32_4_full_dsp_1  |        0|   2|  227|  214|    0|
    |fadd_32ns_32ns_32_4_full_dsp_1_U1122  |fadd_32ns_32ns_32_4_full_dsp_1  |        0|   2|  227|  214|    0|
    |fadd_32ns_32ns_32_4_full_dsp_1_U1123  |fadd_32ns_32ns_32_4_full_dsp_1  |        0|   2|  227|  214|    0|
    |fadd_32ns_32ns_32_4_full_dsp_1_U1124  |fadd_32ns_32ns_32_4_full_dsp_1  |        0|   2|  227|  214|    0|
    |fadd_32ns_32ns_32_4_full_dsp_1_U1125  |fadd_32ns_32ns_32_4_full_dsp_1  |        0|   2|  227|  214|    0|
    |fadd_32ns_32ns_32_4_full_dsp_1_U1126  |fadd_32ns_32ns_32_4_full_dsp_1  |        0|   2|  227|  214|    0|
    |fadd_32ns_32ns_32_4_full_dsp_1_U1127  |fadd_32ns_32ns_32_4_full_dsp_1  |        0|   2|  227|  214|    0|
    |fadd_32ns_32ns_32_4_full_dsp_1_U1128  |fadd_32ns_32ns_32_4_full_dsp_1  |        0|   2|  227|  214|    0|
    |sparsemux_33_4_32_1_1_U1129           |sparsemux_33_4_32_1_1           |        0|   0|    0|   65|    0|
    |sparsemux_33_4_32_1_1_U1130           |sparsemux_33_4_32_1_1           |        0|   0|    0|   65|    0|
    |sparsemux_33_4_32_1_1_U1131           |sparsemux_33_4_32_1_1           |        0|   0|    0|   65|    0|
    |sparsemux_33_4_32_1_1_U1132           |sparsemux_33_4_32_1_1           |        0|   0|    0|   65|    0|
    |sparsemux_33_4_32_1_1_U1133           |sparsemux_33_4_32_1_1           |        0|   0|    0|   65|    0|
    |sparsemux_33_4_32_1_1_U1134           |sparsemux_33_4_32_1_1           |        0|   0|    0|   65|    0|
    |sparsemux_33_4_32_1_1_U1135           |sparsemux_33_4_32_1_1           |        0|   0|    0|   65|    0|
    |sparsemux_33_4_32_1_1_U1136           |sparsemux_33_4_32_1_1           |        0|   0|    0|   65|    0|
    |sparsemux_33_4_32_1_1_U1137           |sparsemux_33_4_32_1_1           |        0|   0|    0|   65|    0|
    |sparsemux_33_4_32_1_1_U1138           |sparsemux_33_4_32_1_1           |        0|   0|    0|   65|    0|
    |sparsemux_33_4_32_1_1_U1139           |sparsemux_33_4_32_1_1           |        0|   0|    0|   65|    0|
    |sparsemux_33_4_32_1_1_U1140           |sparsemux_33_4_32_1_1           |        0|   0|    0|   65|    0|
    |sparsemux_33_4_32_1_1_U1141           |sparsemux_33_4_32_1_1           |        0|   0|    0|   65|    0|
    |sparsemux_33_4_32_1_1_U1142           |sparsemux_33_4_32_1_1           |        0|   0|    0|   65|    0|
    |sparsemux_33_4_32_1_1_U1143           |sparsemux_33_4_32_1_1           |        0|   0|    0|   65|    0|
    |sparsemux_33_4_32_1_1_U1144           |sparsemux_33_4_32_1_1           |        0|   0|    0|   65|    0|
    +--------------------------------------+--------------------------------+---------+----+-----+-----+-----+
    |Total                                 |                                |        0|  20| 2270| 3180|    0|
    +--------------------------------------+--------------------------------+---------+----+-----+-----+-----+

    * DSP: 
    +-----------------------------------------------+-----------------------------------------+---------------------+
    |                    Instance                   |                  Module                 |      Expression     |
    +-----------------------------------------------+-----------------------------------------+---------------------+
    |ama_addmuladd_5ns_17ns_13ns_16ns_30_4_1_U1145  |ama_addmuladd_5ns_17ns_13ns_16ns_30_4_1  |  (i0 + i1) * i2 + i3|
    +-----------------------------------------------+-----------------------------------------+---------------------+

    * Memory: 
    N/A

    * FIFO: 
    N/A

    * Expression: 
    +------------------------------------+----------+----+---+----+------------+------------+
    |            Variable Name           | Operation| DSP| FF| LUT| Bitwidth P0| Bitwidth P1|
    +------------------------------------+----------+----+---+----+------------+------------+
    |add_ln64_fu_2370_p2                 |         +|   0|  0|  12|           5|           1|
    |add_ln67_2_fu_3541_p2               |         +|   0|  0|  37|          30|          30|
    |add_ln67_3_fu_3557_p2               |         +|   0|  0|  71|          64|          64|
    |ap_block_pp0_stage12_11001          |       and|   0|  0|   2|           1|           1|
    |ap_block_pp0_stage16_11001          |       and|   0|  0|   2|           1|           1|
    |ap_block_pp0_stage17_11001          |       and|   0|  0|   2|           1|           1|
    |ap_block_pp0_stage3_11001           |       and|   0|  0|   2|           1|           1|
    |ap_block_pp0_stage4_11001           |       and|   0|  0|   2|           1|           1|
    |ap_block_state13_pp0_stage12_iter0  |       and|   0|  0|   2|           1|           1|
    |ap_block_state17_io                 |       and|   0|  0|   2|           1|           1|
    |ap_block_state18_io                 |       and|   0|  0|   2|           1|           1|
    |ap_block_state5_io                  |       and|   0|  0|   2|           1|           1|
    |icmp_ln64_fu_2364_p2                |      icmp|   0|  0|  13|           5|           6|
    |ap_enable_pp0                       |       xor|   0|  0|   2|           1|           2|
    +------------------------------------+----------+----+---+----+------------+------------+
    |Total                               |          |   0|  0| 153|         114|         112|
    +------------------------------------+----------+----+---+----+------------+------------+

    * Multiplexer: 
    +-----------------------------+-----+-----------+-----+-----------+
    |             Name            | LUT | Input Size| Bits| Total Bits|
    +-----------------------------+-----+-----------+-----+-----------+
    |ap_NS_fsm                    |  101|         20|    1|         20|
    |ap_done_int                  |    9|          2|    1|          2|
    |ap_enable_reg_pp0_iter0      |    9|          2|    1|          2|
    |ap_enable_reg_pp0_iter0_reg  |    9|          2|    1|          2|
    |ap_enable_reg_pp0_iter1      |    9|          2|    1|          2|
    |ap_sig_allocacmp_i_1         |    9|          2|    5|         10|
    |i_fu_688                     |    9|          2|    5|         10|
    |mem_blk_n_AR                 |    9|          2|    1|          2|
    |mem_blk_n_AW                 |    9|          2|    1|          2|
    |mem_blk_n_B                  |    9|          2|    1|          2|
    |mem_blk_n_R                  |    9|          2|    1|          2|
    |mem_blk_n_W                  |    9|          2|    1|          2|
    +-----------------------------+-----+-----------+-----+-----------+
    |Total                        |  200|         42|   20|         58|
    +-----------------------------+-----+-----------+-----+-----------+

    * Register: 
    +-----------------------------+----+----+-----+-----------+
    |             Name            | FF | LUT| Bits| Const Bits|
    +-----------------------------+----+----+-----+-----------+
    |add103_10_reg_4233           |  32|   0|   32|          0|
    |add103_11_reg_4238           |  32|   0|   32|          0|
    |add103_12_reg_4243           |  32|   0|   32|          0|
    |add103_13_reg_4248           |  32|   0|   32|          0|
    |add103_14_reg_4253           |  32|   0|   32|          0|
    |add103_1_reg_4183            |  32|   0|   32|          0|
    |add103_2_reg_4188            |  32|   0|   32|          0|
    |add103_3_reg_4193            |  32|   0|   32|          0|
    |add103_4_reg_4198            |  32|   0|   32|          0|
    |add103_5_reg_4203            |  32|   0|   32|          0|
    |add103_6_reg_4208            |  32|   0|   32|          0|
    |add103_7_reg_4213            |  32|   0|   32|          0|
    |add103_8_reg_4218            |  32|   0|   32|          0|
    |add103_9_reg_4223            |  32|   0|   32|          0|
    |add103_s_reg_4228            |  32|   0|   32|          0|
    |add_reg_4178                 |  32|   0|   32|          0|
    |ap_CS_fsm                    |  19|   0|   19|          0|
    |ap_done_reg                  |   1|   0|    1|          0|
    |ap_enable_reg_pp0_iter0_reg  |   1|   0|    1|          0|
    |ap_enable_reg_pp0_iter1      |   1|   0|    1|          0|
    |i_fu_688                     |   5|   0|    5|          0|
    |icmp_ln64_reg_3922           |   1|   0|    1|          0|
    |mem_addr_reg_4011            |  64|   0|   64|          0|
    |tmp_10_reg_3976              |  32|   0|   32|          0|
    |tmp_11_reg_3981              |  32|   0|   32|          0|
    |tmp_12_reg_3986              |  32|   0|   32|          0|
    |tmp_13_reg_3991              |  32|   0|   32|          0|
    |tmp_14_reg_3996              |  32|   0|   32|          0|
    |tmp_15_reg_4001              |  32|   0|   32|          0|
    |tmp_1_reg_3931               |  32|   0|   32|          0|
    |tmp_2_reg_3936               |  32|   0|   32|          0|
    |tmp_3_reg_3941               |  32|   0|   32|          0|
    |tmp_4_reg_3946               |  32|   0|   32|          0|
    |tmp_5_reg_3951               |  32|   0|   32|          0|
    |tmp_6_reg_3956               |  32|   0|   32|          0|
    |tmp_7_reg_3961               |  32|   0|   32|          0|
    |tmp_8_reg_3966               |  32|   0|   32|          0|
    |tmp_9_reg_3971               |  32|   0|   32|          0|
    |tmp_s_reg_3926               |  32|   0|   32|          0|
    |trunc_ln67_10_reg_4063       |  32|   0|   32|          0|
    |trunc_ln67_11_reg_4068       |  32|   0|   32|          0|
    |trunc_ln67_12_reg_4073       |  32|   0|   32|          0|
    |trunc_ln67_13_reg_4078       |  32|   0|   32|          0|
    |trunc_ln67_14_reg_4083       |  32|   0|   32|          0|
    |trunc_ln67_15_reg_4088       |  32|   0|   32|          0|
    |trunc_ln67_16_reg_4093       |  32|   0|   32|          0|
    |trunc_ln67_1_reg_4018        |  32|   0|   32|          0|
    |trunc_ln67_2_reg_4023        |  32|   0|   32|          0|
    |trunc_ln67_3_reg_4028        |  32|   0|   32|          0|
    |trunc_ln67_4_reg_4033        |  32|   0|   32|          0|
    |trunc_ln67_5_reg_4038        |  32|   0|   32|          0|
    |trunc_ln67_6_reg_4043        |  32|   0|   32|          0|
    |trunc_ln67_7_reg_4048        |  32|   0|   32|          0|
    |trunc_ln67_8_reg_4053        |  32|   0|   32|          0|
    |trunc_ln67_9_reg_4058        |  32|   0|   32|          0|
    |trunc_ln67_s_reg_4006        |  58|   0|   58|          0|
    |zext_ln29_3_cast_reg_3912    |  16|   0|   30|         14|
    |zext_ln31_cast_reg_3907      |  13|   0|   30|         17|
    +-----------------------------+----+----+-----+-----------+
    |Total                        |1715|   0| 1746|         31|
    +-----------------------------+----+----+-----+-----------+



================================================================
== Interface
================================================================
* Summary: 
+-----------------------+-----+-----+------------+----------------------------------+--------------+
|       RTL Ports       | Dir | Bits|  Protocol  |           Source Object          |    C Type    |
+-----------------------+-----+-----+------------+----------------------------------+--------------+
|ap_clk                 |   in|    1|  ap_ctrl_hs|  matmul_Pipeline_VITIS_LOOP_64_10|  return value|
|ap_rst                 |   in|    1|  ap_ctrl_hs|  matmul_Pipeline_VITIS_LOOP_64_10|  return value|
|ap_start               |   in|    1|  ap_ctrl_hs|  matmul_Pipeline_VITIS_LOOP_64_10|  return value|
|ap_done                |  out|    1|  ap_ctrl_hs|  matmul_Pipeline_VITIS_LOOP_64_10|  return value|
|ap_idle                |  out|    1|  ap_ctrl_hs|  matmul_Pipeline_VITIS_LOOP_64_10|  return value|
|ap_ready               |  out|    1|  ap_ctrl_hs|  matmul_Pipeline_VITIS_LOOP_64_10|  return value|
|grp_fu_19442_p_din0    |  out|   32|  ap_ctrl_hs|  matmul_Pipeline_VITIS_LOOP_64_10|  return value|
|grp_fu_19442_p_din1    |  out|   32|  ap_ctrl_hs|  matmul_Pipeline_VITIS_LOOP_64_10|  return value|
|grp_fu_19442_p_opcode  |  out|    2|  ap_ctrl_hs|  matmul_Pipeline_VITIS_LOOP_64_10|  return value|
|grp_fu_19442_p_dout0   |   in|   32|  ap_ctrl_hs|  matmul_Pipeline_VITIS_LOOP_64_10|  return value|
|grp_fu_19442_p_ce      |  out|    1|  ap_ctrl_hs|  matmul_Pipeline_VITIS_LOOP_64_10|  return value|
|grp_fu_19446_p_din0    |  out|   32|  ap_ctrl_hs|  matmul_Pipeline_VITIS_LOOP_64_10|  return value|
|grp_fu_19446_p_din1    |  out|   32|  ap_ctrl_hs|  matmul_Pipeline_VITIS_LOOP_64_10|  return value|
|grp_fu_19446_p_opcode  |  out|    2|  ap_ctrl_hs|  matmul_Pipeline_VITIS_LOOP_64_10|  return value|
|grp_fu_19446_p_dout0   |   in|   32|  ap_ctrl_hs|  matmul_Pipeline_VITIS_LOOP_64_10|  return value|
|grp_fu_19446_p_ce      |  out|    1|  ap_ctrl_hs|  matmul_Pipeline_VITIS_LOOP_64_10|  return value|
|grp_fu_19450_p_din0    |  out|   32|  ap_ctrl_hs|  matmul_Pipeline_VITIS_LOOP_64_10|  return value|
|grp_fu_19450_p_din1    |  out|   32|  ap_ctrl_hs|  matmul_Pipeline_VITIS_LOOP_64_10|  return value|
|grp_fu_19450_p_opcode  |  out|    2|  ap_ctrl_hs|  matmul_Pipeline_VITIS_LOOP_64_10|  return value|
|grp_fu_19450_p_dout0   |   in|   32|  ap_ctrl_hs|  matmul_Pipeline_VITIS_LOOP_64_10|  return value|
|grp_fu_19450_p_ce      |  out|    1|  ap_ctrl_hs|  matmul_Pipeline_VITIS_LOOP_64_10|  return value|
|grp_fu_19454_p_din0    |  out|   32|  ap_ctrl_hs|  matmul_Pipeline_VITIS_LOOP_64_10|  return value|
|grp_fu_19454_p_din1    |  out|   32|  ap_ctrl_hs|  matmul_Pipeline_VITIS_LOOP_64_10|  return value|
|grp_fu_19454_p_opcode  |  out|    2|  ap_ctrl_hs|  matmul_Pipeline_VITIS_LOOP_64_10|  return value|
|grp_fu_19454_p_dout0   |   in|   32|  ap_ctrl_hs|  matmul_Pipeline_VITIS_LOOP_64_10|  return value|
|grp_fu_19454_p_ce      |  out|    1|  ap_ctrl_hs|  matmul_Pipeline_VITIS_LOOP_64_10|  return value|
|grp_fu_19458_p_din0    |  out|   32|  ap_ctrl_hs|  matmul_Pipeline_VITIS_LOOP_64_10|  return value|
|grp_fu_19458_p_din1    |  out|   32|  ap_ctrl_hs|  matmul_Pipeline_VITIS_LOOP_64_10|  return value|
|grp_fu_19458_p_opcode  |  out|    2|  ap_ctrl_hs|  matmul_Pipeline_VITIS_LOOP_64_10|  return value|
|grp_fu_19458_p_dout0   |   in|   32|  ap_ctrl_hs|  matmul_Pipeline_VITIS_LOOP_64_10|  return value|
|grp_fu_19458_p_ce      |  out|    1|  ap_ctrl_hs|  matmul_Pipeline_VITIS_LOOP_64_10|  return value|
|grp_fu_19462_p_din0    |  out|   32|  ap_ctrl_hs|  matmul_Pipeline_VITIS_LOOP_64_10|  return value|
|grp_fu_19462_p_din1    |  out|   32|  ap_ctrl_hs|  matmul_Pipeline_VITIS_LOOP_64_10|  return value|
|grp_fu_19462_p_opcode  |  out|    2|  ap_ctrl_hs|  matmul_Pipeline_VITIS_LOOP_64_10|  return value|
|grp_fu_19462_p_dout0   |   in|   32|  ap_ctrl_hs|  matmul_Pipeline_VITIS_LOOP_64_10|  return value|
|grp_fu_19462_p_ce      |  out|    1|  ap_ctrl_hs|  matmul_Pipeline_VITIS_LOOP_64_10|  return value|
|m_axi_mem_AWVALID      |  out|    1|       m_axi|                               mem|       pointer|
|m_axi_mem_AWREADY      |   in|    1|       m_axi|                               mem|       pointer|
|m_axi_mem_AWADDR       |  out|   64|       m_axi|                               mem|       pointer|
|m_axi_mem_AWID         |  out|    1|       m_axi|                               mem|       pointer|
|m_axi_mem_AWLEN        |  out|   32|       m_axi|                               mem|       pointer|
|m_axi_mem_AWSIZE       |  out|    3|       m_axi|                               mem|       pointer|
|m_axi_mem_AWBURST      |  out|    2|       m_axi|                               mem|       pointer|
|m_axi_mem_AWLOCK       |  out|    2|       m_axi|                               mem|       pointer|
|m_axi_mem_AWCACHE      |  out|    4|       m_axi|                               mem|       pointer|
|m_axi_mem_AWPROT       |  out|    3|       m_axi|                               mem|       pointer|
|m_axi_mem_AWQOS        |  out|    4|       m_axi|                               mem|       pointer|
|m_axi_mem_AWREGION     |  out|    4|       m_axi|                               mem|       pointer|
|m_axi_mem_AWUSER       |  out|    1|       m_axi|                               mem|       pointer|
|m_axi_mem_WVALID       |  out|    1|       m_axi|                               mem|       pointer|
|m_axi_mem_WREADY       |   in|    1|       m_axi|                               mem|       pointer|
|m_axi_mem_WDATA        |  out|  512|       m_axi|                               mem|       pointer|
|m_axi_mem_WSTRB        |  out|   64|       m_axi|                               mem|       pointer|
|m_axi_mem_WLAST        |  out|    1|       m_axi|                               mem|       pointer|
|m_axi_mem_WID          |  out|    1|       m_axi|                               mem|       pointer|
|m_axi_mem_WUSER        |  out|    1|       m_axi|                               mem|       pointer|
|m_axi_mem_ARVALID      |  out|    1|       m_axi|                               mem|       pointer|
|m_axi_mem_ARREADY      |   in|    1|       m_axi|                               mem|       pointer|
|m_axi_mem_ARADDR       |  out|   64|       m_axi|                               mem|       pointer|
|m_axi_mem_ARID         |  out|    1|       m_axi|                               mem|       pointer|
|m_axi_mem_ARLEN        |  out|   32|       m_axi|                               mem|       pointer|
|m_axi_mem_ARSIZE       |  out|    3|       m_axi|                               mem|       pointer|
|m_axi_mem_ARBURST      |  out|    2|       m_axi|                               mem|       pointer|
|m_axi_mem_ARLOCK       |  out|    2|       m_axi|                               mem|       pointer|
|m_axi_mem_ARCACHE      |  out|    4|       m_axi|                               mem|       pointer|
|m_axi_mem_ARPROT       |  out|    3|       m_axi|                               mem|       pointer|
|m_axi_mem_ARQOS        |  out|    4|       m_axi|                               mem|       pointer|
|m_axi_mem_ARREGION     |  out|    4|       m_axi|                               mem|       pointer|
|m_axi_mem_ARUSER       |  out|    1|       m_axi|                               mem|       pointer|
|m_axi_mem_RVALID       |   in|    1|       m_axi|                               mem|       pointer|
|m_axi_mem_RREADY       |  out|    1|       m_axi|                               mem|       pointer|
|m_axi_mem_RDATA        |   in|  512|       m_axi|                               mem|       pointer|
|m_axi_mem_RLAST        |   in|    1|       m_axi|                               mem|       pointer|
|m_axi_mem_RID          |   in|    1|       m_axi|                               mem|       pointer|
|m_axi_mem_RFIFONUM     |   in|    9|       m_axi|                               mem|       pointer|
|m_axi_mem_RUSER        |   in|    1|       m_axi|                               mem|       pointer|
|m_axi_mem_RRESP        |   in|    2|       m_axi|                               mem|       pointer|
|m_axi_mem_BVALID       |   in|    1|       m_axi|                               mem|       pointer|
|m_axi_mem_BREADY       |  out|    1|       m_axi|                               mem|       pointer|
|m_axi_mem_BRESP        |   in|    2|       m_axi|                               mem|       pointer|
|m_axi_mem_BID          |   in|    1|       m_axi|                               mem|       pointer|
|m_axi_mem_BUSER        |   in|    1|       m_axi|                               mem|       pointer|
|p_mid                  |   in|   17|     ap_none|                             p_mid|        scalar|
|zext_ln29              |   in|   13|     ap_none|                         zext_ln29|        scalar|
|zext_ln29_3            |   in|   16|     ap_none|                       zext_ln29_3|        scalar|
|zext_ln31              |   in|   13|     ap_none|                         zext_ln31|        scalar|
|mem1                   |   in|   64|     ap_none|                              mem1|        scalar|
|mux_case_0910          |   in|   32|     ap_none|                     mux_case_0910|        scalar|
|mux_case_1920          |   in|   32|     ap_none|                     mux_case_1920|        scalar|
|mux_case_2930          |   in|   32|     ap_none|                     mux_case_2930|        scalar|
|mux_case_3940          |   in|   32|     ap_none|                     mux_case_3940|        scalar|
|mux_case_4950          |   in|   32|     ap_none|                     mux_case_4950|        scalar|
|mux_case_5960          |   in|   32|     ap_none|                     mux_case_5960|        scalar|
|mux_case_6970          |   in|   32|     ap_none|                     mux_case_6970|        scalar|
|mux_case_7980          |   in|   32|     ap_none|                     mux_case_7980|        scalar|
|mux_case_8990          |   in|   32|     ap_none|                     mux_case_8990|        scalar|
|mux_case_91000         |   in|   32|     ap_none|                    mux_case_91000|        scalar|
|mux_case_101010        |   in|   32|     ap_none|                   mux_case_101010|        scalar|
|mux_case_111020        |   in|   32|     ap_none|                   mux_case_111020|        scalar|
|mux_case_121030        |   in|   32|     ap_none|                   mux_case_121030|        scalar|
|mux_case_131040        |   in|   32|     ap_none|                   mux_case_131040|        scalar|
|mux_case_141050        |   in|   32|     ap_none|                   mux_case_141050|        scalar|
|mux_case_151060        |   in|   32|     ap_none|                   mux_case_151060|        scalar|
|mux_case_03971070      |   in|   32|     ap_none|                 mux_case_03971070|        scalar|
|mux_case_13981080      |   in|   32|     ap_none|                 mux_case_13981080|        scalar|
|mux_case_23991090      |   in|   32|     ap_none|                 mux_case_23991090|        scalar|
|mux_case_34001100      |   in|   32|     ap_none|                 mux_case_34001100|        scalar|
|mux_case_44011110      |   in|   32|     ap_none|                 mux_case_44011110|        scalar|
|mux_case_54021120      |   in|   32|     ap_none|                 mux_case_54021120|        scalar|
|mux_case_64031130      |   in|   32|     ap_none|                 mux_case_64031130|        scalar|
|mux_case_74041140      |   in|   32|     ap_none|                 mux_case_74041140|        scalar|
|mux_case_84051150      |   in|   32|     ap_none|                 mux_case_84051150|        scalar|
|mux_case_94061160      |   in|   32|     ap_none|                 mux_case_94061160|        scalar|
|mux_case_104071170     |   in|   32|     ap_none|                mux_case_104071170|        scalar|
|mux_case_114081180     |   in|   32|     ap_none|                mux_case_114081180|        scalar|
|mux_case_124091190     |   in|   32|     ap_none|                mux_case_124091190|        scalar|
|mux_case_134101200     |   in|   32|     ap_none|                mux_case_134101200|        scalar|
|mux_case_144111210     |   in|   32|     ap_none|                mux_case_144111210|        scalar|
|mux_case_154121220     |   in|   32|     ap_none|                mux_case_154121220|        scalar|
|mux_case_04131230      |   in|   32|     ap_none|                 mux_case_04131230|        scalar|
|mux_case_14141240      |   in|   32|     ap_none|                 mux_case_14141240|        scalar|
|mux_case_24151250      |   in|   32|     ap_none|                 mux_case_24151250|        scalar|
|mux_case_34161260      |   in|   32|     ap_none|                 mux_case_34161260|        scalar|
|mux_case_44171270      |   in|   32|     ap_none|                 mux_case_44171270|        scalar|
|mux_case_54181280      |   in|   32|     ap_none|                 mux_case_54181280|        scalar|
|mux_case_64191290      |   in|   32|     ap_none|                 mux_case_64191290|        scalar|
|mux_case_74201300      |   in|   32|     ap_none|                 mux_case_74201300|        scalar|
|mux_case_84211310      |   in|   32|     ap_none|                 mux_case_84211310|        scalar|
|mux_case_94221320      |   in|   32|     ap_none|                 mux_case_94221320|        scalar|
|mux_case_104231330     |   in|   32|     ap_none|                mux_case_104231330|        scalar|
|mux_case_114241340     |   in|   32|     ap_none|                mux_case_114241340|        scalar|
|mux_case_124251350     |   in|   32|     ap_none|                mux_case_124251350|        scalar|
|mux_case_134261360     |   in|   32|     ap_none|                mux_case_134261360|        scalar|
|mux_case_144271370     |   in|   32|     ap_none|                mux_case_144271370|        scalar|
|mux_case_154281380     |   in|   32|     ap_none|                mux_case_154281380|        scalar|
|mux_case_04291390      |   in|   32|     ap_none|                 mux_case_04291390|        scalar|
|mux_case_14301400      |   in|   32|     ap_none|                 mux_case_14301400|        scalar|
|mux_case_24311410      |   in|   32|     ap_none|                 mux_case_24311410|        scalar|
|mux_case_34321420      |   in|   32|     ap_none|                 mux_case_34321420|        scalar|
|mux_case_44331430      |   in|   32|     ap_none|                 mux_case_44331430|        scalar|
|mux_case_54341440      |   in|   32|     ap_none|                 mux_case_54341440|        scalar|
|mux_case_64351450      |   in|   32|     ap_none|                 mux_case_64351450|        scalar|
|mux_case_74361460      |   in|   32|     ap_none|                 mux_case_74361460|        scalar|
|mux_case_84371470      |   in|   32|     ap_none|                 mux_case_84371470|        scalar|
|mux_case_94381480      |   in|   32|     ap_none|                 mux_case_94381480|        scalar|
|mux_case_104391490     |   in|   32|     ap_none|                mux_case_104391490|        scalar|
|mux_case_114401500     |   in|   32|     ap_none|                mux_case_114401500|        scalar|
|mux_case_124411510     |   in|   32|     ap_none|                mux_case_124411510|        scalar|
|mux_case_134421520     |   in|   32|     ap_none|                mux_case_134421520|        scalar|
|mux_case_144431530     |   in|   32|     ap_none|                mux_case_144431530|        scalar|
|mux_case_154441540     |   in|   32|     ap_none|                mux_case_154441540|        scalar|
|mux_case_04451550      |   in|   32|     ap_none|                 mux_case_04451550|        scalar|
|mux_case_14461560      |   in|   32|     ap_none|                 mux_case_14461560|        scalar|
|mux_case_24471570      |   in|   32|     ap_none|                 mux_case_24471570|        scalar|
|mux_case_34481580      |   in|   32|     ap_none|                 mux_case_34481580|        scalar|
|mux_case_44491590      |   in|   32|     ap_none|                 mux_case_44491590|        scalar|
|mux_case_54501600      |   in|   32|     ap_none|                 mux_case_54501600|        scalar|
|mux_case_64511610      |   in|   32|     ap_none|                 mux_case_64511610|        scalar|
|mux_case_74521620      |   in|   32|     ap_none|                 mux_case_74521620|        scalar|
|mux_case_84531630      |   in|   32|     ap_none|                 mux_case_84531630|        scalar|
|mux_case_94541640      |   in|   32|     ap_none|                 mux_case_94541640|        scalar|
|mux_case_104551650     |   in|   32|     ap_none|                mux_case_104551650|        scalar|
|mux_case_114561660     |   in|   32|     ap_none|                mux_case_114561660|        scalar|
|mux_case_124571670     |   in|   32|     ap_none|                mux_case_124571670|        scalar|
|mux_case_134581680     |   in|   32|     ap_none|                mux_case_134581680|        scalar|
|mux_case_144591690     |   in|   32|     ap_none|                mux_case_144591690|        scalar|
|mux_case_154601700     |   in|   32|     ap_none|                mux_case_154601700|        scalar|
|mux_case_04611710      |   in|   32|     ap_none|                 mux_case_04611710|        scalar|
|mux_case_14621720      |   in|   32|     ap_none|                 mux_case_14621720|        scalar|
|mux_case_24631730      |   in|   32|     ap_none|                 mux_case_24631730|        scalar|
|mux_case_34641740      |   in|   32|     ap_none|                 mux_case_34641740|        scalar|
|mux_case_44651750      |   in|   32|     ap_none|                 mux_case_44651750|        scalar|
|mux_case_54661760      |   in|   32|     ap_none|                 mux_case_54661760|        scalar|
|mux_case_64671770      |   in|   32|     ap_none|                 mux_case_64671770|        scalar|
|mux_case_74681780      |   in|   32|     ap_none|                 mux_case_74681780|        scalar|
|mux_case_84691790      |   in|   32|     ap_none|                 mux_case_84691790|        scalar|
|mux_case_94701800      |   in|   32|     ap_none|                 mux_case_94701800|        scalar|
|mux_case_104711810     |   in|   32|     ap_none|                mux_case_104711810|        scalar|
|mux_case_114721820     |   in|   32|     ap_none|                mux_case_114721820|        scalar|
|mux_case_124731830     |   in|   32|     ap_none|                mux_case_124731830|        scalar|
|mux_case_134741840     |   in|   32|     ap_none|                mux_case_134741840|        scalar|
|mux_case_144751850     |   in|   32|     ap_none|                mux_case_144751850|        scalar|
|mux_case_154761860     |   in|   32|     ap_none|                mux_case_154761860|        scalar|
|mux_case_04771870      |   in|   32|     ap_none|                 mux_case_04771870|        scalar|
|mux_case_14781880      |   in|   32|     ap_none|                 mux_case_14781880|        scalar|
|mux_case_24791890      |   in|   32|     ap_none|                 mux_case_24791890|        scalar|
|mux_case_34801900      |   in|   32|     ap_none|                 mux_case_34801900|        scalar|
|mux_case_44811910      |   in|   32|     ap_none|                 mux_case_44811910|        scalar|
|mux_case_54821920      |   in|   32|     ap_none|                 mux_case_54821920|        scalar|
|mux_case_64831930      |   in|   32|     ap_none|                 mux_case_64831930|        scalar|
|mux_case_74841940      |   in|   32|     ap_none|                 mux_case_74841940|        scalar|
|mux_case_84851950      |   in|   32|     ap_none|                 mux_case_84851950|        scalar|
|mux_case_94861960      |   in|   32|     ap_none|                 mux_case_94861960|        scalar|
|mux_case_104871970     |   in|   32|     ap_none|                mux_case_104871970|        scalar|
|mux_case_114881980     |   in|   32|     ap_none|                mux_case_114881980|        scalar|
|mux_case_124891990     |   in|   32|     ap_none|                mux_case_124891990|        scalar|
|mux_case_134902000     |   in|   32|     ap_none|                mux_case_134902000|        scalar|
|mux_case_144912010     |   in|   32|     ap_none|                mux_case_144912010|        scalar|
|mux_case_154922020     |   in|   32|     ap_none|                mux_case_154922020|        scalar|
|mux_case_04932030      |   in|   32|     ap_none|                 mux_case_04932030|        scalar|
|mux_case_14942040      |   in|   32|     ap_none|                 mux_case_14942040|        scalar|
|mux_case_24952050      |   in|   32|     ap_none|                 mux_case_24952050|        scalar|
|mux_case_34962060      |   in|   32|     ap_none|                 mux_case_34962060|        scalar|
|mux_case_44972070      |   in|   32|     ap_none|                 mux_case_44972070|        scalar|
|mux_case_54982080      |   in|   32|     ap_none|                 mux_case_54982080|        scalar|
|mux_case_64992090      |   in|   32|     ap_none|                 mux_case_64992090|        scalar|
|mux_case_75002100      |   in|   32|     ap_none|                 mux_case_75002100|        scalar|
|mux_case_85012110      |   in|   32|     ap_none|                 mux_case_85012110|        scalar|
|mux_case_95022120      |   in|   32|     ap_none|                 mux_case_95022120|        scalar|
|mux_case_105032130     |   in|   32|     ap_none|                mux_case_105032130|        scalar|
|mux_case_115042140     |   in|   32|     ap_none|                mux_case_115042140|        scalar|
|mux_case_125052150     |   in|   32|     ap_none|                mux_case_125052150|        scalar|
|mux_case_135062160     |   in|   32|     ap_none|                mux_case_135062160|        scalar|
|mux_case_145072170     |   in|   32|     ap_none|                mux_case_145072170|        scalar|
|mux_case_155082180     |   in|   32|     ap_none|                mux_case_155082180|        scalar|
|mux_case_05092190      |   in|   32|     ap_none|                 mux_case_05092190|        scalar|
|mux_case_15102200      |   in|   32|     ap_none|                 mux_case_15102200|        scalar|
|mux_case_25112210      |   in|   32|     ap_none|                 mux_case_25112210|        scalar|
|mux_case_35122220      |   in|   32|     ap_none|                 mux_case_35122220|        scalar|
|mux_case_45132230      |   in|   32|     ap_none|                 mux_case_45132230|        scalar|
|mux_case_55142240      |   in|   32|     ap_none|                 mux_case_55142240|        scalar|
|mux_case_65152250      |   in|   32|     ap_none|                 mux_case_65152250|        scalar|
|mux_case_75162260      |   in|   32|     ap_none|                 mux_case_75162260|        scalar|
|mux_case_85172270      |   in|   32|     ap_none|                 mux_case_85172270|        scalar|
|mux_case_95182280      |   in|   32|     ap_none|                 mux_case_95182280|        scalar|
|mux_case_105192290     |   in|   32|     ap_none|                mux_case_105192290|        scalar|
|mux_case_115202300     |   in|   32|     ap_none|                mux_case_115202300|        scalar|
|mux_case_125212310     |   in|   32|     ap_none|                mux_case_125212310|        scalar|
|mux_case_135222320     |   in|   32|     ap_none|                mux_case_135222320|        scalar|
|mux_case_145232330     |   in|   32|     ap_none|                mux_case_145232330|        scalar|
|mux_case_155242340     |   in|   32|     ap_none|                mux_case_155242340|        scalar|
|mux_case_05252350      |   in|   32|     ap_none|                 mux_case_05252350|        scalar|
|mux_case_15262360      |   in|   32|     ap_none|                 mux_case_15262360|        scalar|
|mux_case_25272370      |   in|   32|     ap_none|                 mux_case_25272370|        scalar|
|mux_case_35282380      |   in|   32|     ap_none|                 mux_case_35282380|        scalar|
|mux_case_45292390      |   in|   32|     ap_none|                 mux_case_45292390|        scalar|
|mux_case_55302400      |   in|   32|     ap_none|                 mux_case_55302400|        scalar|
|mux_case_65312410      |   in|   32|     ap_none|                 mux_case_65312410|        scalar|
|mux_case_75322420      |   in|   32|     ap_none|                 mux_case_75322420|        scalar|
|mux_case_85332430      |   in|   32|     ap_none|                 mux_case_85332430|        scalar|
|mux_case_95342440      |   in|   32|     ap_none|                 mux_case_95342440|        scalar|
|mux_case_105352450     |   in|   32|     ap_none|                mux_case_105352450|        scalar|
|mux_case_115362460     |   in|   32|     ap_none|                mux_case_115362460|        scalar|
|mux_case_125372470     |   in|   32|     ap_none|                mux_case_125372470|        scalar|
|mux_case_135382480     |   in|   32|     ap_none|                mux_case_135382480|        scalar|
|mux_case_145392490     |   in|   32|     ap_none|                mux_case_145392490|        scalar|
|mux_case_155402500     |   in|   32|     ap_none|                mux_case_155402500|        scalar|
|mux_case_05412510      |   in|   32|     ap_none|                 mux_case_05412510|        scalar|
|mux_case_15422520      |   in|   32|     ap_none|                 mux_case_15422520|        scalar|
|mux_case_25432530      |   in|   32|     ap_none|                 mux_case_25432530|        scalar|
|mux_case_35442540      |   in|   32|     ap_none|                 mux_case_35442540|        scalar|
|mux_case_45452550      |   in|   32|     ap_none|                 mux_case_45452550|        scalar|
|mux_case_55462560      |   in|   32|     ap_none|                 mux_case_55462560|        scalar|
|mux_case_65472570      |   in|   32|     ap_none|                 mux_case_65472570|        scalar|
|mux_case_75482580      |   in|   32|     ap_none|                 mux_case_75482580|        scalar|
|mux_case_85492590      |   in|   32|     ap_none|                 mux_case_85492590|        scalar|
|mux_case_95502600      |   in|   32|     ap_none|                 mux_case_95502600|        scalar|
|mux_case_105512610     |   in|   32|     ap_none|                mux_case_105512610|        scalar|
|mux_case_115522620     |   in|   32|     ap_none|                mux_case_115522620|        scalar|
|mux_case_125532630     |   in|   32|     ap_none|                mux_case_125532630|        scalar|
|mux_case_135542640     |   in|   32|     ap_none|                mux_case_135542640|        scalar|
|mux_case_145552650     |   in|   32|     ap_none|                mux_case_145552650|        scalar|
|mux_case_155562660     |   in|   32|     ap_none|                mux_case_155562660|        scalar|
|mux_case_05572670      |   in|   32|     ap_none|                 mux_case_05572670|        scalar|
|mux_case_15582680      |   in|   32|     ap_none|                 mux_case_15582680|        scalar|
|mux_case_25592690      |   in|   32|     ap_none|                 mux_case_25592690|        scalar|
|mux_case_35602700      |   in|   32|     ap_none|                 mux_case_35602700|        scalar|
|mux_case_45612710      |   in|   32|     ap_none|                 mux_case_45612710|        scalar|
|mux_case_55622720      |   in|   32|     ap_none|                 mux_case_55622720|        scalar|
|mux_case_65632730      |   in|   32|     ap_none|                 mux_case_65632730|        scalar|
|mux_case_75642740      |   in|   32|     ap_none|                 mux_case_75642740|        scalar|
|mux_case_85652750      |   in|   32|     ap_none|                 mux_case_85652750|        scalar|
|mux_case_95662760      |   in|   32|     ap_none|                 mux_case_95662760|        scalar|
|mux_case_105672770     |   in|   32|     ap_none|                mux_case_105672770|        scalar|
|mux_case_115682780     |   in|   32|     ap_none|                mux_case_115682780|        scalar|
|mux_case_125692790     |   in|   32|     ap_none|                mux_case_125692790|        scalar|
|mux_case_135702800     |   in|   32|     ap_none|                mux_case_135702800|        scalar|
|mux_case_145712810     |   in|   32|     ap_none|                mux_case_145712810|        scalar|
|mux_case_155722820     |   in|   32|     ap_none|                mux_case_155722820|        scalar|
|mux_case_05732830      |   in|   32|     ap_none|                 mux_case_05732830|        scalar|
|mux_case_15742840      |   in|   32|     ap_none|                 mux_case_15742840|        scalar|
|mux_case_25752850      |   in|   32|     ap_none|                 mux_case_25752850|        scalar|
|mux_case_35762860      |   in|   32|     ap_none|                 mux_case_35762860|        scalar|
|mux_case_45772870      |   in|   32|     ap_none|                 mux_case_45772870|        scalar|
|mux_case_55782880      |   in|   32|     ap_none|                 mux_case_55782880|        scalar|
|mux_case_65792890      |   in|   32|     ap_none|                 mux_case_65792890|        scalar|
|mux_case_75802900      |   in|   32|     ap_none|                 mux_case_75802900|        scalar|
|mux_case_85812910      |   in|   32|     ap_none|                 mux_case_85812910|        scalar|
|mux_case_95822920      |   in|   32|     ap_none|                 mux_case_95822920|        scalar|
|mux_case_105832930     |   in|   32|     ap_none|                mux_case_105832930|        scalar|
|mux_case_115842940     |   in|   32|     ap_none|                mux_case_115842940|        scalar|
|mux_case_125852950     |   in|   32|     ap_none|                mux_case_125852950|        scalar|
|mux_case_135862960     |   in|   32|     ap_none|                mux_case_135862960|        scalar|
|mux_case_145872970     |   in|   32|     ap_none|                mux_case_145872970|        scalar|
|mux_case_155882980     |   in|   32|     ap_none|                mux_case_155882980|        scalar|
|mux_case_05892990      |   in|   32|     ap_none|                 mux_case_05892990|        scalar|
|mux_case_15903000      |   in|   32|     ap_none|                 mux_case_15903000|        scalar|
|mux_case_25913010      |   in|   32|     ap_none|                 mux_case_25913010|        scalar|
|mux_case_35923020      |   in|   32|     ap_none|                 mux_case_35923020|        scalar|
|mux_case_45933030      |   in|   32|     ap_none|                 mux_case_45933030|        scalar|
|mux_case_55943040      |   in|   32|     ap_none|                 mux_case_55943040|        scalar|
|mux_case_65953050      |   in|   32|     ap_none|                 mux_case_65953050|        scalar|
|mux_case_75963060      |   in|   32|     ap_none|                 mux_case_75963060|        scalar|
|mux_case_85973070      |   in|   32|     ap_none|                 mux_case_85973070|        scalar|
|mux_case_95983080      |   in|   32|     ap_none|                 mux_case_95983080|        scalar|
|mux_case_105993090     |   in|   32|     ap_none|                mux_case_105993090|        scalar|
|mux_case_116003100     |   in|   32|     ap_none|                mux_case_116003100|        scalar|
|mux_case_126013110     |   in|   32|     ap_none|                mux_case_126013110|        scalar|
|mux_case_136023120     |   in|   32|     ap_none|                mux_case_136023120|        scalar|
|mux_case_146033130     |   in|   32|     ap_none|                mux_case_146033130|        scalar|
|mux_case_156043140     |   in|   32|     ap_none|                mux_case_156043140|        scalar|
|mux_case_06053150      |   in|   32|     ap_none|                 mux_case_06053150|        scalar|
|mux_case_16063160      |   in|   32|     ap_none|                 mux_case_16063160|        scalar|
|mux_case_26073170      |   in|   32|     ap_none|                 mux_case_26073170|        scalar|
|mux_case_36083180      |   in|   32|     ap_none|                 mux_case_36083180|        scalar|
|mux_case_46093190      |   in|   32|     ap_none|                 mux_case_46093190|        scalar|
|mux_case_56103200      |   in|   32|     ap_none|                 mux_case_56103200|        scalar|
|mux_case_66113210      |   in|   32|     ap_none|                 mux_case_66113210|        scalar|
|mux_case_76123220      |   in|   32|     ap_none|                 mux_case_76123220|        scalar|
|mux_case_86133230      |   in|   32|     ap_none|                 mux_case_86133230|        scalar|
|mux_case_96143240      |   in|   32|     ap_none|                 mux_case_96143240|        scalar|
|mux_case_106153250     |   in|   32|     ap_none|                mux_case_106153250|        scalar|
|mux_case_116163260     |   in|   32|     ap_none|                mux_case_116163260|        scalar|
|mux_case_126173270     |   in|   32|     ap_none|                mux_case_126173270|        scalar|
|mux_case_136183280     |   in|   32|     ap_none|                mux_case_136183280|        scalar|
|mux_case_146193290     |   in|   32|     ap_none|                mux_case_146193290|        scalar|
|mux_case_156203300     |   in|   32|     ap_none|                mux_case_156203300|        scalar|
|mux_case_06213310      |   in|   32|     ap_none|                 mux_case_06213310|        scalar|
|mux_case_16223320      |   in|   32|     ap_none|                 mux_case_16223320|        scalar|
|mux_case_26233330      |   in|   32|     ap_none|                 mux_case_26233330|        scalar|
|mux_case_36243340      |   in|   32|     ap_none|                 mux_case_36243340|        scalar|
|mux_case_46253350      |   in|   32|     ap_none|                 mux_case_46253350|        scalar|
|mux_case_56263360      |   in|   32|     ap_none|                 mux_case_56263360|        scalar|
|mux_case_66273370      |   in|   32|     ap_none|                 mux_case_66273370|        scalar|
|mux_case_76283380      |   in|   32|     ap_none|                 mux_case_76283380|        scalar|
|mux_case_86293390      |   in|   32|     ap_none|                 mux_case_86293390|        scalar|
|mux_case_96303400      |   in|   32|     ap_none|                 mux_case_96303400|        scalar|
|mux_case_106313410     |   in|   32|     ap_none|                mux_case_106313410|        scalar|
|mux_case_116323420     |   in|   32|     ap_none|                mux_case_116323420|        scalar|
|mux_case_126333430     |   in|   32|     ap_none|                mux_case_126333430|        scalar|
|mux_case_136343440     |   in|   32|     ap_none|                mux_case_136343440|        scalar|
|mux_case_146353450     |   in|   32|     ap_none|                mux_case_146353450|        scalar|
|mux_case_156363460     |   in|   32|     ap_none|                mux_case_156363460|        scalar|
+-----------------------+-----+-----+------------+----------------------------------+--------------+

