

================================================================
== Vitis HLS Report for 'matmul'
================================================================
* Date:           Mon Apr  8 23:46:09 2024

* Version:        2023.2 (Build 4023990 on Oct 11 2023)
* Project:        dma_ps
* Solution:       solution1 (Vivado IP Flow Target)
* Product family: zynquplus
* Target device:  xczu7ev-ffvc1156-2-e


================================================================
== Performance Estimates
================================================================
+ Timing: 
    * Summary: 
    +--------+----------+----------+------------+
    |  Clock |  Target  | Estimated| Uncertainty|
    +--------+----------+----------+------------+
    |ap_clk  |  10.00 ns|  7.200 ns|     2.80 ns|
    +--------+----------+----------+------------+

+ Latency: 
    * Summary: 
    +---------+-----------------+-----------+-------------+-----+-----------------+---------+
    |      Latency (cycles)     |    Latency (absolute)   |        Interval       | Pipeline|
    |   min   |       max       |    min    |     max     | min |       max       |   Type  |
    +---------+-----------------+-----------+-------------+-----+-----------------+---------+
    |        1|  923289956842413|  10.000 ns|  9.2e+06 sec|    1|  923289956842413|       no|
    +---------+-----------------+-----------+-------------+-----+-----------------+---------+

    + Detail: 
        * Instance: 
        +-------------------------------------------------------------+-------------------------------------------------+---------+---------+----------+----------+-----+-----+---------+
        |                                                             |                                                 |  Latency (cycles) |  Latency (absolute) |  Interval | Pipeline|
        |                           Instance                          |                      Module                     |   min   |   max   |    min   |    max   | min | max |   Type  |
        +-------------------------------------------------------------+-------------------------------------------------+---------+---------+----------+----------+-----+-----+---------+
        |grp_matmul_Pipeline_VITIS_LOOP_33_3_VITIS_LOOP_35_4_fu_5945  |matmul_Pipeline_VITIS_LOOP_33_3_VITIS_LOOP_35_4  |      258|      258|  2.580 us|  2.580 us|  258|  258|       no|
        |grp_matmul_Pipeline_VITIS_LOOP_64_10_fu_6461                 |matmul_Pipeline_VITIS_LOOP_64_10                 |      309|      309|  3.090 us|  3.090 us|  309|  309|       no|
        |grp_matmul_Pipeline_VITIS_LOOP_45_7_fu_6984                  |matmul_Pipeline_VITIS_LOOP_45_7                  |       18|       18|  0.180 us|  0.180 us|   18|   18|       no|
        |grp_matmul_Pipeline_VITIS_LOOP_51_8_fu_7021                  |matmul_Pipeline_VITIS_LOOP_51_8                  |       69|       69|  0.690 us|  0.690 us|   69|   69|       no|
        +-------------------------------------------------------------+-------------------------------------------------+---------+---------+----------+----------+-----+-----+---------+

        * Loop: 
        +------------------------------------+---------+-----------------+----------------+-----------+-----------+--------------+----------+
        |                                    |      Latency (cycles)     |    Iteration   |  Initiation Interval  |     Trip     |          |
        |              Loop Name             |   min   |       max       |     Latency    |  achieved |   target  |     Count    | Pipelined|
        +------------------------------------+---------+-----------------+----------------+-----------+-----------+--------------+----------+
        |- VITIS_LOOP_29_1_VITIS_LOOP_31_2   |        0|  923289956842412|  572 ~ 13761452|          -|          -|  0 ~ 67092481|        no|
        | + VITIS_LOOP_40_5_VITIS_LOOP_42_6  |        0|         13760880|             105|          -|          -|    0 ~ 131056|        no|
        +------------------------------------+---------+-----------------+----------------+-----------+-----------+--------------+----------+



================================================================
== Utilization Estimates
================================================================
* Summary: 
+-----------------+---------+------+--------+--------+-----+
|       Name      | BRAM_18K|  DSP |   FF   |   LUT  | URAM|
+-----------------+---------+------+--------+--------+-----+
|DSP              |        -|     1|       -|       -|    -|
|Expression       |        -|     -|       0|     368|    -|
|FIFO             |        -|     -|       -|       -|    -|
|Instance         |        -|    53|   24384|   19534|    -|
|Memory           |        -|     -|       -|       -|    -|
|Multiplexer      |        -|     -|       -|    2982|    -|
|Register         |        -|     -|   17769|       -|    -|
+-----------------+---------+------+--------+--------+-----+
|Total            |        0|    54|   42153|   22884|    0|
+-----------------+---------+------+--------+--------+-----+
|Available        |      624|  1728|  460800|  230400|   96|
+-----------------+---------+------+--------+--------+-----+
|Utilization (%)  |        0|     3|       9|       9|    0|
+-----------------+---------+------+--------+--------+-----+

+ Detail: 
    * Instance: 
    +-------------------------------------------------------------+-------------------------------------------------+---------+----+-------+------+-----+
    |                           Instance                          |                      Module                     | BRAM_18K| DSP|   FF  |  LUT | URAM|
    +-------------------------------------------------------------+-------------------------------------------------+---------+----+-------+------+-----+
    |fadd_32ns_32ns_32_4_full_dsp_1_U1410                         |fadd_32ns_32ns_32_4_full_dsp_1                   |        0|   2|    227|   214|    0|
    |fadd_32ns_32ns_32_4_full_dsp_1_U1411                         |fadd_32ns_32ns_32_4_full_dsp_1                   |        0|   2|    227|   214|    0|
    |fadd_32ns_32ns_32_4_full_dsp_1_U1412                         |fadd_32ns_32ns_32_4_full_dsp_1                   |        0|   2|    227|   214|    0|
    |fadd_32ns_32ns_32_4_full_dsp_1_U1413                         |fadd_32ns_32ns_32_4_full_dsp_1                   |        0|   2|    227|   214|    0|
    |fadd_32ns_32ns_32_4_full_dsp_1_U1414                         |fadd_32ns_32ns_32_4_full_dsp_1                   |        0|   2|    227|   214|    0|
    |fadd_32ns_32ns_32_4_full_dsp_1_U1415                         |fadd_32ns_32ns_32_4_full_dsp_1                   |        0|   2|    227|   214|    0|
    |grp_matmul_Pipeline_VITIS_LOOP_33_3_VITIS_LOOP_35_4_fu_5945  |matmul_Pipeline_VITIS_LOOP_33_3_VITIS_LOOP_35_4  |        0|   0|   8213|  2959|    0|
    |grp_matmul_Pipeline_VITIS_LOOP_45_7_fu_6984                  |matmul_Pipeline_VITIS_LOOP_45_7                  |        0|   0|    519|  2367|    0|
    |grp_matmul_Pipeline_VITIS_LOOP_51_8_fu_7021                  |matmul_Pipeline_VITIS_LOOP_51_8                  |        0|  19|  10305|  9386|    0|
    |grp_matmul_Pipeline_VITIS_LOOP_64_10_fu_6461                 |matmul_Pipeline_VITIS_LOOP_64_10                 |        0|  21|   3985|  3533|    0|
    |mul_13ns_13ns_26_1_1_U1408                                   |mul_13ns_13ns_26_1_1                             |        0|   1|      0|     5|    0|
    +-------------------------------------------------------------+-------------------------------------------------+---------+----+-------+------+-----+
    |Total                                                        |                                                 |        0|  53|  24384| 19534|    0|
    +-------------------------------------------------------------+-------------------------------------------------+---------+----+-------+------+-----+

    * DSP: 
    +-----------------------------------------------+-----------------------------------------+---------------------+
    |                    Instance                   |                  Module                 |      Expression     |
    +-----------------------------------------------+-----------------------------------------+---------------------+
    |ama_addmuladd_5ns_17ns_13ns_16ns_30_4_1_U1409  |ama_addmuladd_5ns_17ns_13ns_16ns_30_4_1  |  (i0 + i1) * i2 + i3|
    +-----------------------------------------------+-----------------------------------------+---------------------+

    * Memory: 
    N/A

    * FIFO: 
    N/A

    * Expression: 
    +--------------------------+----------+----+---+----+------------+------------+
    |       Variable Name      | Operation| DSP| FF| LUT| Bitwidth P0| Bitwidth P1|
    +--------------------------+----------+----+---+----+------------+------------+
    |add_ln29_1_fu_8915_p2     |         +|   0|  0|  20|          13|           1|
    |add_ln29_fu_7866_p2       |         +|   0|  0|  33|          26|           1|
    |add_ln31_fu_9770_p2       |         +|   0|  0|  20|          13|           1|
    |add_ln40_1_fu_9734_p2     |         +|   0|  0|  20|          13|           1|
    |add_ln40_fu_9714_p2       |         +|   0|  0|  24|          17|           1|
    |add_ln42_fu_9764_p2       |         +|   0|  0|  12|           5|           1|
    |add_ln44_2_fu_11068_p2    |         +|   0|  0|  37|          30|          30|
    |add_ln44_3_fu_11084_p2    |         +|   0|  0|  71|          64|          64|
    |icmp_ln29_fu_7861_p2      |      icmp|   0|  0|  33|          26|          26|
    |icmp_ln31_fu_8902_p2      |      icmp|   0|  0|  20|          13|          13|
    |icmp_ln40_fu_9709_p2      |      icmp|   0|  0|  24|          17|          17|
    |icmp_ln42_fu_9720_p2      |      icmp|   0|  0|  13|           5|           6|
    |select_ln29_1_fu_8921_p3  |    select|   0|  0|  12|           1|          13|
    |select_ln29_fu_8907_p3    |    select|   0|  0|  12|           1|           1|
    |select_ln40_1_fu_9740_p3  |    select|   0|  0|  12|           1|          13|
    |select_ln40_fu_9726_p3    |    select|   0|  0|   5|           1|           1|
    +--------------------------+----------+----+---+----+------------+------------+
    |Total                     |          |   0|  0| 368|         246|         190|
    +--------------------------+----------+----+---+----+------------+------------+

    * Multiplexer: 
    +-----------------------------+-----+-----------+-----+-----------+
    |             Name            | LUT | Input Size| Bits| Total Bits|
    +-----------------------------+-----+-----------+-----+-----------+
    |ap_NS_fsm                    |  121|         24|    1|         24|
    |grp_fu_19442_ce              |   14|          3|    1|          3|
    |grp_fu_19442_p0              |   14|          3|   32|         96|
    |grp_fu_19442_p1              |   14|          3|   32|         96|
    |grp_fu_19446_ce              |   14|          3|    1|          3|
    |grp_fu_19446_p0              |   14|          3|   32|         96|
    |grp_fu_19446_p1              |   14|          3|   32|         96|
    |grp_fu_19450_ce              |   14|          3|    1|          3|
    |grp_fu_19450_p0              |   14|          3|   32|         96|
    |grp_fu_19450_p1              |   14|          3|   32|         96|
    |grp_fu_19454_ce              |   14|          3|    1|          3|
    |grp_fu_19454_p0              |   14|          3|   32|         96|
    |grp_fu_19454_p1              |   14|          3|   32|         96|
    |grp_fu_19458_ce              |   14|          3|    1|          3|
    |grp_fu_19458_p0              |   14|          3|   32|         96|
    |grp_fu_19458_p1              |   14|          3|   32|         96|
    |grp_fu_19462_ce              |   14|          3|    1|          3|
    |grp_fu_19462_p0              |   14|          3|   32|         96|
    |grp_fu_19462_p1              |   14|          3|   32|         96|
    |ib_fu_1126                   |    9|          2|   13|         26|
    |indvar_flatten41_reg_3352    |    9|          2|   17|         34|
    |indvar_flatten83_fu_1130     |    9|          2|   26|         52|
    |jb_fu_98                     |    9|          2|   13|         26|
    |k_reg_5934                   |    9|          2|    5|         10|
    |kb_reg_3363                  |    9|          2|   13|         26|
    |m_axi_mem_ARADDR             |   20|          4|   64|        256|
    |m_axi_mem_ARBURST            |   14|          3|    2|          6|
    |m_axi_mem_ARCACHE            |   14|          3|    4|         12|
    |m_axi_mem_ARID               |   14|          3|    1|          3|
    |m_axi_mem_ARLEN              |   20|          4|   32|        128|
    |m_axi_mem_ARLOCK             |   14|          3|    2|          6|
    |m_axi_mem_ARPROT             |   14|          3|    3|          9|
    |m_axi_mem_ARQOS              |   14|          3|    4|         12|
    |m_axi_mem_ARREGION           |   14|          3|    4|         12|
    |m_axi_mem_ARSIZE             |   14|          3|    3|          9|
    |m_axi_mem_ARUSER             |   14|          3|    1|          3|
    |m_axi_mem_ARVALID            |   20|          4|    1|          4|
    |m_axi_mem_AWVALID            |    9|          2|    1|          2|
    |m_axi_mem_BREADY             |    9|          2|    1|          2|
    |m_axi_mem_RREADY             |   20|          4|    1|          4|
    |m_axi_mem_WVALID             |    9|          2|    1|          2|
    |mem_blk_n_AR                 |    9|          2|    1|          2|
    |mem_blk_n_R                  |    9|          2|    1|          2|
    |mux_case_03971070_reg_5764   |    9|          2|   32|         64|
    |mux_case_04131230_reg_5604   |    9|          2|   32|         64|
    |mux_case_04291390_reg_5444   |    9|          2|   32|         64|
    |mux_case_04451550_reg_5284   |    9|          2|   32|         64|
    |mux_case_04611710_reg_5124   |    9|          2|   32|         64|
    |mux_case_04771870_reg_4964   |    9|          2|   32|         64|
    |mux_case_04932030_reg_4804   |    9|          2|   32|         64|
    |mux_case_05092190_reg_4644   |    9|          2|   32|         64|
    |mux_case_05252350_reg_4484   |    9|          2|   32|         64|
    |mux_case_05412510_reg_4324   |    9|          2|   32|         64|
    |mux_case_05572670_reg_4164   |    9|          2|   32|         64|
    |mux_case_05732830_reg_4004   |    9|          2|   32|         64|
    |mux_case_05892990_reg_3844   |    9|          2|   32|         64|
    |mux_case_06053150_reg_3684   |    9|          2|   32|         64|
    |mux_case_06213310_reg_3524   |    9|          2|   32|         64|
    |mux_case_0910_reg_5924       |    9|          2|   32|         64|
    |mux_case_101010_reg_5824     |    9|          2|   32|         64|
    |mux_case_104071170_reg_5664  |    9|          2|   32|         64|
    |mux_case_104231330_reg_5504  |    9|          2|   32|         64|
    |mux_case_104391490_reg_5344  |    9|          2|   32|         64|
    |mux_case_104551650_reg_5184  |    9|          2|   32|         64|
    |mux_case_104711810_reg_5024  |    9|          2|   32|         64|
    |mux_case_104871970_reg_4864  |    9|          2|   32|         64|
    |mux_case_105032130_reg_4704  |    9|          2|   32|         64|
    |mux_case_105192290_reg_4544  |    9|          2|   32|         64|
    |mux_case_105352450_reg_4384  |    9|          2|   32|         64|
    |mux_case_105512610_reg_4224  |    9|          2|   32|         64|
    |mux_case_105672770_reg_4064  |    9|          2|   32|         64|
    |mux_case_105832930_reg_3904  |    9|          2|   32|         64|
    |mux_case_105993090_reg_3744  |    9|          2|   32|         64|
    |mux_case_106153250_reg_3584  |    9|          2|   32|         64|
    |mux_case_106313410_reg_3424  |    9|          2|   32|         64|
    |mux_case_111020_reg_5814     |    9|          2|   32|         64|
    |mux_case_114081180_reg_5654  |    9|          2|   32|         64|
    |mux_case_114241340_reg_5494  |    9|          2|   32|         64|
    |mux_case_114401500_reg_5334  |    9|          2|   32|         64|
    |mux_case_114561660_reg_5174  |    9|          2|   32|         64|
    |mux_case_114721820_reg_5014  |    9|          2|   32|         64|
    |mux_case_114881980_reg_4854  |    9|          2|   32|         64|
    |mux_case_115042140_reg_4694  |    9|          2|   32|         64|
    |mux_case_115202300_reg_4534  |    9|          2|   32|         64|
    |mux_case_115362460_reg_4374  |    9|          2|   32|         64|
    |mux_case_115522620_reg_4214  |    9|          2|   32|         64|
    |mux_case_115682780_reg_4054  |    9|          2|   32|         64|
    |mux_case_115842940_reg_3894  |    9|          2|   32|         64|
    |mux_case_116003100_reg_3734  |    9|          2|   32|         64|
    |mux_case_116163260_reg_3574  |    9|          2|   32|         64|
    |mux_case_116323420_reg_3414  |    9|          2|   32|         64|
    |mux_case_121030_reg_5804     |    9|          2|   32|         64|
    |mux_case_124091190_reg_5644  |    9|          2|   32|         64|
    |mux_case_124251350_reg_5484  |    9|          2|   32|         64|
    |mux_case_124411510_reg_5324  |    9|          2|   32|         64|
    |mux_case_124571670_reg_5164  |    9|          2|   32|         64|
    |mux_case_124731830_reg_5004  |    9|          2|   32|         64|
    |mux_case_124891990_reg_4844  |    9|          2|   32|         64|
    |mux_case_125052150_reg_4684  |    9|          2|   32|         64|
    |mux_case_125212310_reg_4524  |    9|          2|   32|         64|
    |mux_case_125372470_reg_4364  |    9|          2|   32|         64|
    |mux_case_125532630_reg_4204  |    9|          2|   32|         64|
    |mux_case_125692790_reg_4044  |    9|          2|   32|         64|
    |mux_case_125852950_reg_3884  |    9|          2|   32|         64|
    |mux_case_126013110_reg_3724  |    9|          2|   32|         64|
    |mux_case_126173270_reg_3564  |    9|          2|   32|         64|
    |mux_case_126333430_reg_3404  |    9|          2|   32|         64|
    |mux_case_131040_reg_5794     |    9|          2|   32|         64|
    |mux_case_134101200_reg_5634  |    9|          2|   32|         64|
    |mux_case_134261360_reg_5474  |    9|          2|   32|         64|
    |mux_case_134421520_reg_5314  |    9|          2|   32|         64|
    |mux_case_134581680_reg_5154  |    9|          2|   32|         64|
    |mux_case_134741840_reg_4994  |    9|          2|   32|         64|
    |mux_case_134902000_reg_4834  |    9|          2|   32|         64|
    |mux_case_135062160_reg_4674  |    9|          2|   32|         64|
    |mux_case_135222320_reg_4514  |    9|          2|   32|         64|
    |mux_case_135382480_reg_4354  |    9|          2|   32|         64|
    |mux_case_135542640_reg_4194  |    9|          2|   32|         64|
    |mux_case_135702800_reg_4034  |    9|          2|   32|         64|
    |mux_case_135862960_reg_3874  |    9|          2|   32|         64|
    |mux_case_136023120_reg_3714  |    9|          2|   32|         64|
    |mux_case_136183280_reg_3554  |    9|          2|   32|         64|
    |mux_case_136343440_reg_3394  |    9|          2|   32|         64|
    |mux_case_13981080_reg_5754   |    9|          2|   32|         64|
    |mux_case_141050_reg_5784     |    9|          2|   32|         64|
    |mux_case_14141240_reg_5594   |    9|          2|   32|         64|
    |mux_case_14301400_reg_5434   |    9|          2|   32|         64|
    |mux_case_144111210_reg_5624  |    9|          2|   32|         64|
    |mux_case_144271370_reg_5464  |    9|          2|   32|         64|
    |mux_case_144431530_reg_5304  |    9|          2|   32|         64|
    |mux_case_144591690_reg_5144  |    9|          2|   32|         64|
    |mux_case_14461560_reg_5274   |    9|          2|   32|         64|
    |mux_case_144751850_reg_4984  |    9|          2|   32|         64|
    |mux_case_144912010_reg_4824  |    9|          2|   32|         64|
    |mux_case_145072170_reg_4664  |    9|          2|   32|         64|
    |mux_case_145232330_reg_4504  |    9|          2|   32|         64|
    |mux_case_145392490_reg_4344  |    9|          2|   32|         64|
    |mux_case_145552650_reg_4184  |    9|          2|   32|         64|
    |mux_case_145712810_reg_4024  |    9|          2|   32|         64|
    |mux_case_145872970_reg_3864  |    9|          2|   32|         64|
    |mux_case_146033130_reg_3704  |    9|          2|   32|         64|
    |mux_case_146193290_reg_3544  |    9|          2|   32|         64|
    |mux_case_14621720_reg_5114   |    9|          2|   32|         64|
    |mux_case_146353450_reg_3384  |    9|          2|   32|         64|
    |mux_case_14781880_reg_4954   |    9|          2|   32|         64|
    |mux_case_14942040_reg_4794   |    9|          2|   32|         64|
    |mux_case_15102200_reg_4634   |    9|          2|   32|         64|
    |mux_case_151060_reg_5774     |    9|          2|   32|         64|
    |mux_case_15262360_reg_4474   |    9|          2|   32|         64|
    |mux_case_154121220_reg_5614  |    9|          2|   32|         64|
    |mux_case_15422520_reg_4314   |    9|          2|   32|         64|
    |mux_case_154281380_reg_5454  |    9|          2|   32|         64|
    |mux_case_154441540_reg_5294  |    9|          2|   32|         64|
    |mux_case_154601700_reg_5134  |    9|          2|   32|         64|
    |mux_case_154761860_reg_4974  |    9|          2|   32|         64|
    |mux_case_154922020_reg_4814  |    9|          2|   32|         64|
    |mux_case_155082180_reg_4654  |    9|          2|   32|         64|
    |mux_case_155242340_reg_4494  |    9|          2|   32|         64|
    |mux_case_155402500_reg_4334  |    9|          2|   32|         64|
    |mux_case_155562660_reg_4174  |    9|          2|   32|         64|
    |mux_case_155722820_reg_4014  |    9|          2|   32|         64|
    |mux_case_15582680_reg_4154   |    9|          2|   32|         64|
    |mux_case_155882980_reg_3854  |    9|          2|   32|         64|
    |mux_case_156043140_reg_3694  |    9|          2|   32|         64|
    |mux_case_156203300_reg_3534  |    9|          2|   32|         64|
    |mux_case_156363460_reg_3374  |    9|          2|   32|         64|
    |mux_case_15742840_reg_3994   |    9|          2|   32|         64|
    |mux_case_15903000_reg_3834   |    9|          2|   32|         64|
    |mux_case_16063160_reg_3674   |    9|          2|   32|         64|
    |mux_case_16223320_reg_3514   |    9|          2|   32|         64|
    |mux_case_1920_reg_5914       |    9|          2|   32|         64|
    |mux_case_23991090_reg_5744   |    9|          2|   32|         64|
    |mux_case_24151250_reg_5584   |    9|          2|   32|         64|
    |mux_case_24311410_reg_5424   |    9|          2|   32|         64|
    |mux_case_24471570_reg_5264   |    9|          2|   32|         64|
    |mux_case_24631730_reg_5104   |    9|          2|   32|         64|
    |mux_case_24791890_reg_4944   |    9|          2|   32|         64|
    |mux_case_24952050_reg_4784   |    9|          2|   32|         64|
    |mux_case_25112210_reg_4624   |    9|          2|   32|         64|
    |mux_case_25272370_reg_4464   |    9|          2|   32|         64|
    |mux_case_25432530_reg_4304   |    9|          2|   32|         64|
    |mux_case_25592690_reg_4144   |    9|          2|   32|         64|
    |mux_case_25752850_reg_3984   |    9|          2|   32|         64|
    |mux_case_25913010_reg_3824   |    9|          2|   32|         64|
    |mux_case_26073170_reg_3664   |    9|          2|   32|         64|
    |mux_case_26233330_reg_3504   |    9|          2|   32|         64|
    |mux_case_2930_reg_5904       |    9|          2|   32|         64|
    |mux_case_34001100_reg_5734   |    9|          2|   32|         64|
    |mux_case_34161260_reg_5574   |    9|          2|   32|         64|
    |mux_case_34321420_reg_5414   |    9|          2|   32|         64|
    |mux_case_34481580_reg_5254   |    9|          2|   32|         64|
    |mux_case_34641740_reg_5094   |    9|          2|   32|         64|
    |mux_case_34801900_reg_4934   |    9|          2|   32|         64|
    |mux_case_34962060_reg_4774   |    9|          2|   32|         64|
    |mux_case_35122220_reg_4614   |    9|          2|   32|         64|
    |mux_case_35282380_reg_4454   |    9|          2|   32|         64|
    |mux_case_35442540_reg_4294   |    9|          2|   32|         64|
    |mux_case_35602700_reg_4134   |    9|          2|   32|         64|
    |mux_case_35762860_reg_3974   |    9|          2|   32|         64|
    |mux_case_35923020_reg_3814   |    9|          2|   32|         64|
    |mux_case_36083180_reg_3654   |    9|          2|   32|         64|
    |mux_case_36243340_reg_3494   |    9|          2|   32|         64|
    |mux_case_3940_reg_5894       |    9|          2|   32|         64|
    |mux_case_44011110_reg_5724   |    9|          2|   32|         64|
    |mux_case_44171270_reg_5564   |    9|          2|   32|         64|
    |mux_case_44331430_reg_5404   |    9|          2|   32|         64|
    |mux_case_44491590_reg_5244   |    9|          2|   32|         64|
    |mux_case_44651750_reg_5084   |    9|          2|   32|         64|
    |mux_case_44811910_reg_4924   |    9|          2|   32|         64|
    |mux_case_44972070_reg_4764   |    9|          2|   32|         64|
    |mux_case_45132230_reg_4604   |    9|          2|   32|         64|
    |mux_case_45292390_reg_4444   |    9|          2|   32|         64|
    |mux_case_45452550_reg_4284   |    9|          2|   32|         64|
    |mux_case_45612710_reg_4124   |    9|          2|   32|         64|
    |mux_case_45772870_reg_3964   |    9|          2|   32|         64|
    |mux_case_45933030_reg_3804   |    9|          2|   32|         64|
    |mux_case_46093190_reg_3644   |    9|          2|   32|         64|
    |mux_case_46253350_reg_3484   |    9|          2|   32|         64|
    |mux_case_4950_reg_5884       |    9|          2|   32|         64|
    |mux_case_54021120_reg_5714   |    9|          2|   32|         64|
    |mux_case_54181280_reg_5554   |    9|          2|   32|         64|
    |mux_case_54341440_reg_5394   |    9|          2|   32|         64|
    |mux_case_54501600_reg_5234   |    9|          2|   32|         64|
    |mux_case_54661760_reg_5074   |    9|          2|   32|         64|
    |mux_case_54821920_reg_4914   |    9|          2|   32|         64|
    |mux_case_54982080_reg_4754   |    9|          2|   32|         64|
    |mux_case_55142240_reg_4594   |    9|          2|   32|         64|
    |mux_case_55302400_reg_4434   |    9|          2|   32|         64|
    |mux_case_55462560_reg_4274   |    9|          2|   32|         64|
    |mux_case_55622720_reg_4114   |    9|          2|   32|         64|
    |mux_case_55782880_reg_3954   |    9|          2|   32|         64|
    |mux_case_55943040_reg_3794   |    9|          2|   32|         64|
    |mux_case_56103200_reg_3634   |    9|          2|   32|         64|
    |mux_case_56263360_reg_3474   |    9|          2|   32|         64|
    |mux_case_5960_reg_5874       |    9|          2|   32|         64|
    |mux_case_64031130_reg_5704   |    9|          2|   32|         64|
    |mux_case_64191290_reg_5544   |    9|          2|   32|         64|
    |mux_case_64351450_reg_5384   |    9|          2|   32|         64|
    |mux_case_64511610_reg_5224   |    9|          2|   32|         64|
    |mux_case_64671770_reg_5064   |    9|          2|   32|         64|
    |mux_case_64831930_reg_4904   |    9|          2|   32|         64|
    |mux_case_64992090_reg_4744   |    9|          2|   32|         64|
    |mux_case_65152250_reg_4584   |    9|          2|   32|         64|
    |mux_case_65312410_reg_4424   |    9|          2|   32|         64|
    |mux_case_65472570_reg_4264   |    9|          2|   32|         64|
    |mux_case_65632730_reg_4104   |    9|          2|   32|         64|
    |mux_case_65792890_reg_3944   |    9|          2|   32|         64|
    |mux_case_65953050_reg_3784   |    9|          2|   32|         64|
    |mux_case_66113210_reg_3624   |    9|          2|   32|         64|
    |mux_case_66273370_reg_3464   |    9|          2|   32|         64|
    |mux_case_6970_reg_5864       |    9|          2|   32|         64|
    |mux_case_74041140_reg_5694   |    9|          2|   32|         64|
    |mux_case_74201300_reg_5534   |    9|          2|   32|         64|
    |mux_case_74361460_reg_5374   |    9|          2|   32|         64|
    |mux_case_74521620_reg_5214   |    9|          2|   32|         64|
    |mux_case_74681780_reg_5054   |    9|          2|   32|         64|
    |mux_case_74841940_reg_4894   |    9|          2|   32|         64|
    |mux_case_75002100_reg_4734   |    9|          2|   32|         64|
    |mux_case_75162260_reg_4574   |    9|          2|   32|         64|
    |mux_case_75322420_reg_4414   |    9|          2|   32|         64|
    |mux_case_75482580_reg_4254   |    9|          2|   32|         64|
    |mux_case_75642740_reg_4094   |    9|          2|   32|         64|
    |mux_case_75802900_reg_3934   |    9|          2|   32|         64|
    |mux_case_75963060_reg_3774   |    9|          2|   32|         64|
    |mux_case_76123220_reg_3614   |    9|          2|   32|         64|
    |mux_case_76283380_reg_3454   |    9|          2|   32|         64|
    |mux_case_7980_reg_5854       |    9|          2|   32|         64|
    |mux_case_84051150_reg_5684   |    9|          2|   32|         64|
    |mux_case_84211310_reg_5524   |    9|          2|   32|         64|
    |mux_case_84371470_reg_5364   |    9|          2|   32|         64|
    |mux_case_84531630_reg_5204   |    9|          2|   32|         64|
    |mux_case_84691790_reg_5044   |    9|          2|   32|         64|
    |mux_case_84851950_reg_4884   |    9|          2|   32|         64|
    |mux_case_85012110_reg_4724   |    9|          2|   32|         64|
    |mux_case_85172270_reg_4564   |    9|          2|   32|         64|
    |mux_case_85332430_reg_4404   |    9|          2|   32|         64|
    |mux_case_85492590_reg_4244   |    9|          2|   32|         64|
    |mux_case_85652750_reg_4084   |    9|          2|   32|         64|
    |mux_case_85812910_reg_3924   |    9|          2|   32|         64|
    |mux_case_85973070_reg_3764   |    9|          2|   32|         64|
    |mux_case_86133230_reg_3604   |    9|          2|   32|         64|
    |mux_case_86293390_reg_3444   |    9|          2|   32|         64|
    |mux_case_8990_reg_5844       |    9|          2|   32|         64|
    |mux_case_91000_reg_5834      |    9|          2|   32|         64|
    |mux_case_94061160_reg_5674   |    9|          2|   32|         64|
    |mux_case_94221320_reg_5514   |    9|          2|   32|         64|
    |mux_case_94381480_reg_5354   |    9|          2|   32|         64|
    |mux_case_94541640_reg_5194   |    9|          2|   32|         64|
    |mux_case_94701800_reg_5034   |    9|          2|   32|         64|
    |mux_case_94861960_reg_4874   |    9|          2|   32|         64|
    |mux_case_95022120_reg_4714   |    9|          2|   32|         64|
    |mux_case_95182280_reg_4554   |    9|          2|   32|         64|
    |mux_case_95342440_reg_4394   |    9|          2|   32|         64|
    |mux_case_95502600_reg_4234   |    9|          2|   32|         64|
    |mux_case_95662760_reg_4074   |    9|          2|   32|         64|
    |mux_case_95822920_reg_3914   |    9|          2|   32|         64|
    |mux_case_95983080_reg_3754   |    9|          2|   32|         64|
    |mux_case_96143240_reg_3594   |    9|          2|   32|         64|
    |mux_case_96303400_reg_3434   |    9|          2|   32|         64|
    +-----------------------------+-----+-----------+-----+-----------+
    |Total                        | 2982|        655| 8797|      18226|
    +-----------------------------+-----+-----------+-----+-----------+

    * Register: 
    +--------------------------------------------------------------------------+-----+----+-----+-----------+
    |                                   Name                                   |  FF | LUT| Bits| Const Bits|
    +--------------------------------------------------------------------------+-----+----+-----+-----------+
    |add_ln29_reg_16970                                                        |   26|   0|   26|          0|
    |add_ln40_reg_18536                                                        |   17|   0|   17|          0|
    |add_ln42_reg_18552                                                        |    5|   0|    5|          0|
    |ap_CS_fsm                                                                 |   23|   0|   23|          0|
    |bound46_reg_16962                                                         |   26|   0|   26|          0|
    |empty_56_fu_1138                                                          |   32|   0|   32|          0|
    |empty_57_fu_1142                                                          |   32|   0|   32|          0|
    |empty_58_fu_1146                                                          |   32|   0|   32|          0|
    |empty_59_fu_1150                                                          |   32|   0|   32|          0|
    |empty_60_fu_1154                                                          |   32|   0|   32|          0|
    |empty_61_fu_1158                                                          |   32|   0|   32|          0|
    |empty_62_fu_1162                                                          |   32|   0|   32|          0|
    |empty_63_fu_1166                                                          |   32|   0|   32|          0|
    |empty_64_fu_1170                                                          |   32|   0|   32|          0|
    |empty_65_fu_1174                                                          |   32|   0|   32|          0|
    |empty_66_fu_1178                                                          |   32|   0|   32|          0|
    |empty_67_fu_1182                                                          |   32|   0|   32|          0|
    |empty_68_fu_1186                                                          |   32|   0|   32|          0|
    |empty_69_fu_1190                                                          |   32|   0|   32|          0|
    |empty_70_fu_1194                                                          |   32|   0|   32|          0|
    |empty_fu_1134                                                             |   32|   0|   32|          0|
    |grp_matmul_Pipeline_VITIS_LOOP_33_3_VITIS_LOOP_35_4_fu_5945_ap_start_reg  |    1|   0|    1|          0|
    |grp_matmul_Pipeline_VITIS_LOOP_45_7_fu_6984_ap_start_reg                  |    1|   0|    1|          0|
    |grp_matmul_Pipeline_VITIS_LOOP_51_8_fu_7021_ap_start_reg                  |    1|   0|    1|          0|
    |grp_matmul_Pipeline_VITIS_LOOP_64_10_fu_6461_ap_start_reg                 |    1|   0|    1|          0|
    |ib_fu_1126                                                                |   13|   0|   13|          0|
    |indvar_flatten41_reg_3352                                                 |   17|   0|   17|          0|
    |indvar_flatten83_fu_1130                                                  |   26|   0|   26|          0|
    |jb_fu_98                                                                  |   13|   0|   13|          0|
    |k_reg_5934                                                                |    5|   0|    5|          0|
    |kb_reg_3363                                                               |   13|   0|   13|          0|
    |mem_addr_read_reg_18568                                                   |  512|   0|  512|          0|
    |mux_case_03971070_reg_5764                                                |   32|   0|   32|          0|
    |mux_case_03971076_fu_166                                                  |   32|   0|   32|          0|
    |mux_case_04131230_reg_5604                                                |   32|   0|   32|          0|
    |mux_case_04131236_fu_230                                                  |   32|   0|   32|          0|
    |mux_case_04291390_reg_5444                                                |   32|   0|   32|          0|
    |mux_case_04291396_fu_294                                                  |   32|   0|   32|          0|
    |mux_case_04451550_reg_5284                                                |   32|   0|   32|          0|
    |mux_case_04451556_fu_358                                                  |   32|   0|   32|          0|
    |mux_case_04611710_reg_5124                                                |   32|   0|   32|          0|
    |mux_case_04611716_fu_422                                                  |   32|   0|   32|          0|
    |mux_case_04771870_reg_4964                                                |   32|   0|   32|          0|
    |mux_case_04771876_fu_486                                                  |   32|   0|   32|          0|
    |mux_case_04932030_reg_4804                                                |   32|   0|   32|          0|
    |mux_case_04932036_fu_550                                                  |   32|   0|   32|          0|
    |mux_case_05092190_reg_4644                                                |   32|   0|   32|          0|
    |mux_case_05092196_fu_614                                                  |   32|   0|   32|          0|
    |mux_case_05252350_reg_4484                                                |   32|   0|   32|          0|
    |mux_case_05252356_fu_678                                                  |   32|   0|   32|          0|
    |mux_case_05412510_reg_4324                                                |   32|   0|   32|          0|
    |mux_case_05412516_fu_742                                                  |   32|   0|   32|          0|
    |mux_case_05572670_reg_4164                                                |   32|   0|   32|          0|
    |mux_case_05572676_fu_806                                                  |   32|   0|   32|          0|
    |mux_case_05732830_reg_4004                                                |   32|   0|   32|          0|
    |mux_case_05732836_fu_870                                                  |   32|   0|   32|          0|
    |mux_case_05892990_reg_3844                                                |   32|   0|   32|          0|
    |mux_case_05892996_fu_934                                                  |   32|   0|   32|          0|
    |mux_case_06053150_reg_3684                                                |   32|   0|   32|          0|
    |mux_case_06053156_fu_998                                                  |   32|   0|   32|          0|
    |mux_case_06213310_reg_3524                                                |   32|   0|   32|          0|
    |mux_case_06213316_fu_1062                                                 |   32|   0|   32|          0|
    |mux_case_0910_reg_5924                                                    |   32|   0|   32|          0|
    |mux_case_0916_fu_102                                                      |   32|   0|   32|          0|
    |mux_case_101010_reg_5824                                                  |   32|   0|   32|          0|
    |mux_case_101016_fu_142                                                    |   32|   0|   32|          0|
    |mux_case_104071170_reg_5664                                               |   32|   0|   32|          0|
    |mux_case_104071176_fu_206                                                 |   32|   0|   32|          0|
    |mux_case_104231330_reg_5504                                               |   32|   0|   32|          0|
    |mux_case_104231336_fu_270                                                 |   32|   0|   32|          0|
    |mux_case_104391490_reg_5344                                               |   32|   0|   32|          0|
    |mux_case_104391496_fu_334                                                 |   32|   0|   32|          0|
    |mux_case_104551650_reg_5184                                               |   32|   0|   32|          0|
    |mux_case_104551656_fu_398                                                 |   32|   0|   32|          0|
    |mux_case_104711810_reg_5024                                               |   32|   0|   32|          0|
    |mux_case_104711816_fu_462                                                 |   32|   0|   32|          0|
    |mux_case_104871970_reg_4864                                               |   32|   0|   32|          0|
    |mux_case_104871976_fu_526                                                 |   32|   0|   32|          0|
    |mux_case_105032130_reg_4704                                               |   32|   0|   32|          0|
    |mux_case_105032136_fu_590                                                 |   32|   0|   32|          0|
    |mux_case_105192290_reg_4544                                               |   32|   0|   32|          0|
    |mux_case_105192296_fu_654                                                 |   32|   0|   32|          0|
    |mux_case_105352450_reg_4384                                               |   32|   0|   32|          0|
    |mux_case_105352456_fu_718                                                 |   32|   0|   32|          0|
    |mux_case_105512610_reg_4224                                               |   32|   0|   32|          0|
    |mux_case_105512616_fu_782                                                 |   32|   0|   32|          0|
    |mux_case_105672770_reg_4064                                               |   32|   0|   32|          0|
    |mux_case_105672776_fu_846                                                 |   32|   0|   32|          0|
    |mux_case_105832930_reg_3904                                               |   32|   0|   32|          0|
    |mux_case_105832936_fu_910                                                 |   32|   0|   32|          0|
    |mux_case_105993090_reg_3744                                               |   32|   0|   32|          0|
    |mux_case_105993096_fu_974                                                 |   32|   0|   32|          0|
    |mux_case_106153250_reg_3584                                               |   32|   0|   32|          0|
    |mux_case_106153256_fu_1038                                                |   32|   0|   32|          0|
    |mux_case_106313410_reg_3424                                               |   32|   0|   32|          0|
    |mux_case_106313416_fu_1102                                                |   32|   0|   32|          0|
    |mux_case_111020_reg_5814                                                  |   32|   0|   32|          0|
    |mux_case_111026_fu_146                                                    |   32|   0|   32|          0|
    |mux_case_114081180_reg_5654                                               |   32|   0|   32|          0|
    |mux_case_114081186_fu_210                                                 |   32|   0|   32|          0|
    |mux_case_114241340_reg_5494                                               |   32|   0|   32|          0|
    |mux_case_114241346_fu_274                                                 |   32|   0|   32|          0|
    |mux_case_114401500_reg_5334                                               |   32|   0|   32|          0|
    |mux_case_114401506_fu_338                                                 |   32|   0|   32|          0|
    |mux_case_114561660_reg_5174                                               |   32|   0|   32|          0|
    |mux_case_114561666_fu_402                                                 |   32|   0|   32|          0|
    |mux_case_114721820_reg_5014                                               |   32|   0|   32|          0|
    |mux_case_114721826_fu_466                                                 |   32|   0|   32|          0|
    |mux_case_114881980_reg_4854                                               |   32|   0|   32|          0|
    |mux_case_114881986_fu_530                                                 |   32|   0|   32|          0|
    |mux_case_115042140_reg_4694                                               |   32|   0|   32|          0|
    |mux_case_115042146_fu_594                                                 |   32|   0|   32|          0|
    |mux_case_115202300_reg_4534                                               |   32|   0|   32|          0|
    |mux_case_115202306_fu_658                                                 |   32|   0|   32|          0|
    |mux_case_115362460_reg_4374                                               |   32|   0|   32|          0|
    |mux_case_115362466_fu_722                                                 |   32|   0|   32|          0|
    |mux_case_115522620_reg_4214                                               |   32|   0|   32|          0|
    |mux_case_115522626_fu_786                                                 |   32|   0|   32|          0|
    |mux_case_115682780_reg_4054                                               |   32|   0|   32|          0|
    |mux_case_115682786_fu_850                                                 |   32|   0|   32|          0|
    |mux_case_115842940_reg_3894                                               |   32|   0|   32|          0|
    |mux_case_115842946_fu_914                                                 |   32|   0|   32|          0|
    |mux_case_116003100_reg_3734                                               |   32|   0|   32|          0|
    |mux_case_116003106_fu_978                                                 |   32|   0|   32|          0|
    |mux_case_116163260_reg_3574                                               |   32|   0|   32|          0|
    |mux_case_116163266_fu_1042                                                |   32|   0|   32|          0|
    |mux_case_116323420_reg_3414                                               |   32|   0|   32|          0|
    |mux_case_116323426_fu_1106                                                |   32|   0|   32|          0|
    |mux_case_121030_reg_5804                                                  |   32|   0|   32|          0|
    |mux_case_121036_fu_150                                                    |   32|   0|   32|          0|
    |mux_case_124091190_reg_5644                                               |   32|   0|   32|          0|
    |mux_case_124091196_fu_214                                                 |   32|   0|   32|          0|
    |mux_case_124251350_reg_5484                                               |   32|   0|   32|          0|
    |mux_case_124251356_fu_278                                                 |   32|   0|   32|          0|
    |mux_case_124411510_reg_5324                                               |   32|   0|   32|          0|
    |mux_case_124411516_fu_342                                                 |   32|   0|   32|          0|
    |mux_case_124571670_reg_5164                                               |   32|   0|   32|          0|
    |mux_case_124571676_fu_406                                                 |   32|   0|   32|          0|
    |mux_case_124731830_reg_5004                                               |   32|   0|   32|          0|
    |mux_case_124731836_fu_470                                                 |   32|   0|   32|          0|
    |mux_case_124891990_reg_4844                                               |   32|   0|   32|          0|
    |mux_case_124891996_fu_534                                                 |   32|   0|   32|          0|
    |mux_case_125052150_reg_4684                                               |   32|   0|   32|          0|
    |mux_case_125052156_fu_598                                                 |   32|   0|   32|          0|
    |mux_case_125212310_reg_4524                                               |   32|   0|   32|          0|
    |mux_case_125212316_fu_662                                                 |   32|   0|   32|          0|
    |mux_case_125372470_reg_4364                                               |   32|   0|   32|          0|
    |mux_case_125372476_fu_726                                                 |   32|   0|   32|          0|
    |mux_case_125532630_reg_4204                                               |   32|   0|   32|          0|
    |mux_case_125532636_fu_790                                                 |   32|   0|   32|          0|
    |mux_case_125692790_reg_4044                                               |   32|   0|   32|          0|
    |mux_case_125692796_fu_854                                                 |   32|   0|   32|          0|
    |mux_case_125852950_reg_3884                                               |   32|   0|   32|          0|
    |mux_case_125852956_fu_918                                                 |   32|   0|   32|          0|
    |mux_case_126013110_reg_3724                                               |   32|   0|   32|          0|
    |mux_case_126013116_fu_982                                                 |   32|   0|   32|          0|
    |mux_case_126173270_reg_3564                                               |   32|   0|   32|          0|
    |mux_case_126173276_fu_1046                                                |   32|   0|   32|          0|
    |mux_case_126333430_reg_3404                                               |   32|   0|   32|          0|
    |mux_case_126333436_fu_1110                                                |   32|   0|   32|          0|
    |mux_case_131040_reg_5794                                                  |   32|   0|   32|          0|
    |mux_case_131046_fu_154                                                    |   32|   0|   32|          0|
    |mux_case_134101200_reg_5634                                               |   32|   0|   32|          0|
    |mux_case_134101206_fu_218                                                 |   32|   0|   32|          0|
    |mux_case_134261360_reg_5474                                               |   32|   0|   32|          0|
    |mux_case_134261366_fu_282                                                 |   32|   0|   32|          0|
    |mux_case_134421520_reg_5314                                               |   32|   0|   32|          0|
    |mux_case_134421526_fu_346                                                 |   32|   0|   32|          0|
    |mux_case_134581680_reg_5154                                               |   32|   0|   32|          0|
    |mux_case_134581686_fu_410                                                 |   32|   0|   32|          0|
    |mux_case_134741840_reg_4994                                               |   32|   0|   32|          0|
    |mux_case_134741846_fu_474                                                 |   32|   0|   32|          0|
    |mux_case_134902000_reg_4834                                               |   32|   0|   32|          0|
    |mux_case_134902006_fu_538                                                 |   32|   0|   32|          0|
    |mux_case_135062160_reg_4674                                               |   32|   0|   32|          0|
    |mux_case_135062166_fu_602                                                 |   32|   0|   32|          0|
    |mux_case_135222320_reg_4514                                               |   32|   0|   32|          0|
    |mux_case_135222326_fu_666                                                 |   32|   0|   32|          0|
    |mux_case_135382480_reg_4354                                               |   32|   0|   32|          0|
    |mux_case_135382486_fu_730                                                 |   32|   0|   32|          0|
    |mux_case_135542640_reg_4194                                               |   32|   0|   32|          0|
    |mux_case_135542646_fu_794                                                 |   32|   0|   32|          0|
    |mux_case_135702800_reg_4034                                               |   32|   0|   32|          0|
    |mux_case_135702806_fu_858                                                 |   32|   0|   32|          0|
    |mux_case_135862960_reg_3874                                               |   32|   0|   32|          0|
    |mux_case_135862966_fu_922                                                 |   32|   0|   32|          0|
    |mux_case_136023120_reg_3714                                               |   32|   0|   32|          0|
    |mux_case_136023126_fu_986                                                 |   32|   0|   32|          0|
    |mux_case_136183280_reg_3554                                               |   32|   0|   32|          0|
    |mux_case_136183286_fu_1050                                                |   32|   0|   32|          0|
    |mux_case_136343440_reg_3394                                               |   32|   0|   32|          0|
    |mux_case_136343446_fu_1114                                                |   32|   0|   32|          0|
    |mux_case_13981080_reg_5754                                                |   32|   0|   32|          0|
    |mux_case_13981086_fu_170                                                  |   32|   0|   32|          0|
    |mux_case_141050_reg_5784                                                  |   32|   0|   32|          0|
    |mux_case_141056_fu_158                                                    |   32|   0|   32|          0|
    |mux_case_14141240_reg_5594                                                |   32|   0|   32|          0|
    |mux_case_14141246_fu_234                                                  |   32|   0|   32|          0|
    |mux_case_14301400_reg_5434                                                |   32|   0|   32|          0|
    |mux_case_14301406_fu_298                                                  |   32|   0|   32|          0|
    |mux_case_144111210_reg_5624                                               |   32|   0|   32|          0|
    |mux_case_144111216_fu_222                                                 |   32|   0|   32|          0|
    |mux_case_144271370_reg_5464                                               |   32|   0|   32|          0|
    |mux_case_144271376_fu_286                                                 |   32|   0|   32|          0|
    |mux_case_144431530_reg_5304                                               |   32|   0|   32|          0|
    |mux_case_144431536_fu_350                                                 |   32|   0|   32|          0|
    |mux_case_144591690_reg_5144                                               |   32|   0|   32|          0|
    |mux_case_144591696_fu_414                                                 |   32|   0|   32|          0|
    |mux_case_14461560_reg_5274                                                |   32|   0|   32|          0|
    |mux_case_14461566_fu_362                                                  |   32|   0|   32|          0|
    |mux_case_144751850_reg_4984                                               |   32|   0|   32|          0|
    |mux_case_144751856_fu_478                                                 |   32|   0|   32|          0|
    |mux_case_144912010_reg_4824                                               |   32|   0|   32|          0|
    |mux_case_144912016_fu_542                                                 |   32|   0|   32|          0|
    |mux_case_145072170_reg_4664                                               |   32|   0|   32|          0|
    |mux_case_145072176_fu_606                                                 |   32|   0|   32|          0|
    |mux_case_145232330_reg_4504                                               |   32|   0|   32|          0|
    |mux_case_145232336_fu_670                                                 |   32|   0|   32|          0|
    |mux_case_145392490_reg_4344                                               |   32|   0|   32|          0|
    |mux_case_145392496_fu_734                                                 |   32|   0|   32|          0|
    |mux_case_145552650_reg_4184                                               |   32|   0|   32|          0|
    |mux_case_145552656_fu_798                                                 |   32|   0|   32|          0|
    |mux_case_145712810_reg_4024                                               |   32|   0|   32|          0|
    |mux_case_145712816_fu_862                                                 |   32|   0|   32|          0|
    |mux_case_145872970_reg_3864                                               |   32|   0|   32|          0|
    |mux_case_145872976_fu_926                                                 |   32|   0|   32|          0|
    |mux_case_146033130_reg_3704                                               |   32|   0|   32|          0|
    |mux_case_146033136_fu_990                                                 |   32|   0|   32|          0|
    |mux_case_146193290_reg_3544                                               |   32|   0|   32|          0|
    |mux_case_146193296_fu_1054                                                |   32|   0|   32|          0|
    |mux_case_14621720_reg_5114                                                |   32|   0|   32|          0|
    |mux_case_14621726_fu_426                                                  |   32|   0|   32|          0|
    |mux_case_146353450_reg_3384                                               |   32|   0|   32|          0|
    |mux_case_146353456_fu_1118                                                |   32|   0|   32|          0|
    |mux_case_14781880_reg_4954                                                |   32|   0|   32|          0|
    |mux_case_14781886_fu_490                                                  |   32|   0|   32|          0|
    |mux_case_14942040_reg_4794                                                |   32|   0|   32|          0|
    |mux_case_14942046_fu_554                                                  |   32|   0|   32|          0|
    |mux_case_15102200_reg_4634                                                |   32|   0|   32|          0|
    |mux_case_15102206_fu_618                                                  |   32|   0|   32|          0|
    |mux_case_151060_reg_5774                                                  |   32|   0|   32|          0|
    |mux_case_151066_fu_162                                                    |   32|   0|   32|          0|
    |mux_case_15262360_reg_4474                                                |   32|   0|   32|          0|
    |mux_case_15262366_fu_682                                                  |   32|   0|   32|          0|
    |mux_case_154121220_reg_5614                                               |   32|   0|   32|          0|
    |mux_case_154121226_fu_226                                                 |   32|   0|   32|          0|
    |mux_case_15422520_reg_4314                                                |   32|   0|   32|          0|
    |mux_case_15422526_fu_746                                                  |   32|   0|   32|          0|
    |mux_case_154281380_reg_5454                                               |   32|   0|   32|          0|
    |mux_case_154281386_fu_290                                                 |   32|   0|   32|          0|
    |mux_case_154441540_reg_5294                                               |   32|   0|   32|          0|
    |mux_case_154441546_fu_354                                                 |   32|   0|   32|          0|
    |mux_case_154601700_reg_5134                                               |   32|   0|   32|          0|
    |mux_case_154601706_fu_418                                                 |   32|   0|   32|          0|
    |mux_case_154761860_reg_4974                                               |   32|   0|   32|          0|
    |mux_case_154761866_fu_482                                                 |   32|   0|   32|          0|
    |mux_case_154922020_reg_4814                                               |   32|   0|   32|          0|
    |mux_case_154922026_fu_546                                                 |   32|   0|   32|          0|
    |mux_case_155082180_reg_4654                                               |   32|   0|   32|          0|
    |mux_case_155082186_fu_610                                                 |   32|   0|   32|          0|
    |mux_case_155242340_reg_4494                                               |   32|   0|   32|          0|
    |mux_case_155242346_fu_674                                                 |   32|   0|   32|          0|
    |mux_case_155402500_reg_4334                                               |   32|   0|   32|          0|
    |mux_case_155402506_fu_738                                                 |   32|   0|   32|          0|
    |mux_case_155562660_reg_4174                                               |   32|   0|   32|          0|
    |mux_case_155562666_fu_802                                                 |   32|   0|   32|          0|
    |mux_case_155722820_reg_4014                                               |   32|   0|   32|          0|
    |mux_case_155722826_fu_866                                                 |   32|   0|   32|          0|
    |mux_case_15582680_reg_4154                                                |   32|   0|   32|          0|
    |mux_case_15582686_fu_810                                                  |   32|   0|   32|          0|
    |mux_case_155882980_reg_3854                                               |   32|   0|   32|          0|
    |mux_case_155882986_fu_930                                                 |   32|   0|   32|          0|
    |mux_case_156043140_reg_3694                                               |   32|   0|   32|          0|
    |mux_case_156043146_fu_994                                                 |   32|   0|   32|          0|
    |mux_case_156203300_reg_3534                                               |   32|   0|   32|          0|
    |mux_case_156203306_fu_1058                                                |   32|   0|   32|          0|
    |mux_case_156363460_reg_3374                                               |   32|   0|   32|          0|
    |mux_case_156363466_fu_1122                                                |   32|   0|   32|          0|
    |mux_case_15742840_reg_3994                                                |   32|   0|   32|          0|
    |mux_case_15742846_fu_874                                                  |   32|   0|   32|          0|
    |mux_case_15903000_reg_3834                                                |   32|   0|   32|          0|
    |mux_case_15903006_fu_938                                                  |   32|   0|   32|          0|
    |mux_case_16063160_reg_3674                                                |   32|   0|   32|          0|
    |mux_case_16063166_fu_1002                                                 |   32|   0|   32|          0|
    |mux_case_16223320_reg_3514                                                |   32|   0|   32|          0|
    |mux_case_16223326_fu_1066                                                 |   32|   0|   32|          0|
    |mux_case_1920_reg_5914                                                    |   32|   0|   32|          0|
    |mux_case_1926_fu_106                                                      |   32|   0|   32|          0|
    |mux_case_23991090_reg_5744                                                |   32|   0|   32|          0|
    |mux_case_23991096_fu_174                                                  |   32|   0|   32|          0|
    |mux_case_24151250_reg_5584                                                |   32|   0|   32|          0|
    |mux_case_24151256_fu_238                                                  |   32|   0|   32|          0|
    |mux_case_24311410_reg_5424                                                |   32|   0|   32|          0|
    |mux_case_24311416_fu_302                                                  |   32|   0|   32|          0|
    |mux_case_24471570_reg_5264                                                |   32|   0|   32|          0|
    |mux_case_24471576_fu_366                                                  |   32|   0|   32|          0|
    |mux_case_24631730_reg_5104                                                |   32|   0|   32|          0|
    |mux_case_24631736_fu_430                                                  |   32|   0|   32|          0|
    |mux_case_24791890_reg_4944                                                |   32|   0|   32|          0|
    |mux_case_24791896_fu_494                                                  |   32|   0|   32|          0|
    |mux_case_24952050_reg_4784                                                |   32|   0|   32|          0|
    |mux_case_24952056_fu_558                                                  |   32|   0|   32|          0|
    |mux_case_25112210_reg_4624                                                |   32|   0|   32|          0|
    |mux_case_25112216_fu_622                                                  |   32|   0|   32|          0|
    |mux_case_25272370_reg_4464                                                |   32|   0|   32|          0|
    |mux_case_25272376_fu_686                                                  |   32|   0|   32|          0|
    |mux_case_25432530_reg_4304                                                |   32|   0|   32|          0|
    |mux_case_25432536_fu_750                                                  |   32|   0|   32|          0|
    |mux_case_25592690_reg_4144                                                |   32|   0|   32|          0|
    |mux_case_25592696_fu_814                                                  |   32|   0|   32|          0|
    |mux_case_25752850_reg_3984                                                |   32|   0|   32|          0|
    |mux_case_25752856_fu_878                                                  |   32|   0|   32|          0|
    |mux_case_25913010_reg_3824                                                |   32|   0|   32|          0|
    |mux_case_25913016_fu_942                                                  |   32|   0|   32|          0|
    |mux_case_26073170_reg_3664                                                |   32|   0|   32|          0|
    |mux_case_26073176_fu_1006                                                 |   32|   0|   32|          0|
    |mux_case_26233330_reg_3504                                                |   32|   0|   32|          0|
    |mux_case_26233336_fu_1070                                                 |   32|   0|   32|          0|
    |mux_case_2930_reg_5904                                                    |   32|   0|   32|          0|
    |mux_case_2936_fu_110                                                      |   32|   0|   32|          0|
    |mux_case_34001100_reg_5734                                                |   32|   0|   32|          0|
    |mux_case_34001106_fu_178                                                  |   32|   0|   32|          0|
    |mux_case_34161260_reg_5574                                                |   32|   0|   32|          0|
    |mux_case_34161266_fu_242                                                  |   32|   0|   32|          0|
    |mux_case_34321420_reg_5414                                                |   32|   0|   32|          0|
    |mux_case_34321426_fu_306                                                  |   32|   0|   32|          0|
    |mux_case_34481580_reg_5254                                                |   32|   0|   32|          0|
    |mux_case_34481586_fu_370                                                  |   32|   0|   32|          0|
    |mux_case_34641740_reg_5094                                                |   32|   0|   32|          0|
    |mux_case_34641746_fu_434                                                  |   32|   0|   32|          0|
    |mux_case_34801900_reg_4934                                                |   32|   0|   32|          0|
    |mux_case_34801906_fu_498                                                  |   32|   0|   32|          0|
    |mux_case_34962060_reg_4774                                                |   32|   0|   32|          0|
    |mux_case_34962066_fu_562                                                  |   32|   0|   32|          0|
    |mux_case_35122220_reg_4614                                                |   32|   0|   32|          0|
    |mux_case_35122226_fu_626                                                  |   32|   0|   32|          0|
    |mux_case_35282380_reg_4454                                                |   32|   0|   32|          0|
    |mux_case_35282386_fu_690                                                  |   32|   0|   32|          0|
    |mux_case_35442540_reg_4294                                                |   32|   0|   32|          0|
    |mux_case_35442546_fu_754                                                  |   32|   0|   32|          0|
    |mux_case_35602700_reg_4134                                                |   32|   0|   32|          0|
    |mux_case_35602706_fu_818                                                  |   32|   0|   32|          0|
    |mux_case_35762860_reg_3974                                                |   32|   0|   32|          0|
    |mux_case_35762866_fu_882                                                  |   32|   0|   32|          0|
    |mux_case_35923020_reg_3814                                                |   32|   0|   32|          0|
    |mux_case_35923026_fu_946                                                  |   32|   0|   32|          0|
    |mux_case_36083180_reg_3654                                                |   32|   0|   32|          0|
    |mux_case_36083186_fu_1010                                                 |   32|   0|   32|          0|
    |mux_case_36243340_reg_3494                                                |   32|   0|   32|          0|
    |mux_case_36243346_fu_1074                                                 |   32|   0|   32|          0|
    |mux_case_3940_reg_5894                                                    |   32|   0|   32|          0|
    |mux_case_3946_fu_114                                                      |   32|   0|   32|          0|
    |mux_case_44011110_reg_5724                                                |   32|   0|   32|          0|
    |mux_case_44011116_fu_182                                                  |   32|   0|   32|          0|
    |mux_case_44171270_reg_5564                                                |   32|   0|   32|          0|
    |mux_case_44171276_fu_246                                                  |   32|   0|   32|          0|
    |mux_case_44331430_reg_5404                                                |   32|   0|   32|          0|
    |mux_case_44331436_fu_310                                                  |   32|   0|   32|          0|
    |mux_case_44491590_reg_5244                                                |   32|   0|   32|          0|
    |mux_case_44491596_fu_374                                                  |   32|   0|   32|          0|
    |mux_case_44651750_reg_5084                                                |   32|   0|   32|          0|
    |mux_case_44651756_fu_438                                                  |   32|   0|   32|          0|
    |mux_case_44811910_reg_4924                                                |   32|   0|   32|          0|
    |mux_case_44811916_fu_502                                                  |   32|   0|   32|          0|
    |mux_case_44972070_reg_4764                                                |   32|   0|   32|          0|
    |mux_case_44972076_fu_566                                                  |   32|   0|   32|          0|
    |mux_case_45132230_reg_4604                                                |   32|   0|   32|          0|
    |mux_case_45132236_fu_630                                                  |   32|   0|   32|          0|
    |mux_case_45292390_reg_4444                                                |   32|   0|   32|          0|
    |mux_case_45292396_fu_694                                                  |   32|   0|   32|          0|
    |mux_case_45452550_reg_4284                                                |   32|   0|   32|          0|
    |mux_case_45452556_fu_758                                                  |   32|   0|   32|          0|
    |mux_case_45612710_reg_4124                                                |   32|   0|   32|          0|
    |mux_case_45612716_fu_822                                                  |   32|   0|   32|          0|
    |mux_case_45772870_reg_3964                                                |   32|   0|   32|          0|
    |mux_case_45772876_fu_886                                                  |   32|   0|   32|          0|
    |mux_case_45933030_reg_3804                                                |   32|   0|   32|          0|
    |mux_case_45933036_fu_950                                                  |   32|   0|   32|          0|
    |mux_case_46093190_reg_3644                                                |   32|   0|   32|          0|
    |mux_case_46093196_fu_1014                                                 |   32|   0|   32|          0|
    |mux_case_46253350_reg_3484                                                |   32|   0|   32|          0|
    |mux_case_46253356_fu_1078                                                 |   32|   0|   32|          0|
    |mux_case_4950_reg_5884                                                    |   32|   0|   32|          0|
    |mux_case_4956_fu_118                                                      |   32|   0|   32|          0|
    |mux_case_54021120_reg_5714                                                |   32|   0|   32|          0|
    |mux_case_54021126_fu_186                                                  |   32|   0|   32|          0|
    |mux_case_54181280_reg_5554                                                |   32|   0|   32|          0|
    |mux_case_54181286_fu_250                                                  |   32|   0|   32|          0|
    |mux_case_54341440_reg_5394                                                |   32|   0|   32|          0|
    |mux_case_54341446_fu_314                                                  |   32|   0|   32|          0|
    |mux_case_54501600_reg_5234                                                |   32|   0|   32|          0|
    |mux_case_54501606_fu_378                                                  |   32|   0|   32|          0|
    |mux_case_54661760_reg_5074                                                |   32|   0|   32|          0|
    |mux_case_54661766_fu_442                                                  |   32|   0|   32|          0|
    |mux_case_54821920_reg_4914                                                |   32|   0|   32|          0|
    |mux_case_54821926_fu_506                                                  |   32|   0|   32|          0|
    |mux_case_54982080_reg_4754                                                |   32|   0|   32|          0|
    |mux_case_54982086_fu_570                                                  |   32|   0|   32|          0|
    |mux_case_55142240_reg_4594                                                |   32|   0|   32|          0|
    |mux_case_55142246_fu_634                                                  |   32|   0|   32|          0|
    |mux_case_55302400_reg_4434                                                |   32|   0|   32|          0|
    |mux_case_55302406_fu_698                                                  |   32|   0|   32|          0|
    |mux_case_55462560_reg_4274                                                |   32|   0|   32|          0|
    |mux_case_55462566_fu_762                                                  |   32|   0|   32|          0|
    |mux_case_55622720_reg_4114                                                |   32|   0|   32|          0|
    |mux_case_55622726_fu_826                                                  |   32|   0|   32|          0|
    |mux_case_55782880_reg_3954                                                |   32|   0|   32|          0|
    |mux_case_55782886_fu_890                                                  |   32|   0|   32|          0|
    |mux_case_55943040_reg_3794                                                |   32|   0|   32|          0|
    |mux_case_55943046_fu_954                                                  |   32|   0|   32|          0|
    |mux_case_56103200_reg_3634                                                |   32|   0|   32|          0|
    |mux_case_56103206_fu_1018                                                 |   32|   0|   32|          0|
    |mux_case_56263360_reg_3474                                                |   32|   0|   32|          0|
    |mux_case_56263366_fu_1082                                                 |   32|   0|   32|          0|
    |mux_case_5960_reg_5874                                                    |   32|   0|   32|          0|
    |mux_case_5966_fu_122                                                      |   32|   0|   32|          0|
    |mux_case_64031130_reg_5704                                                |   32|   0|   32|          0|
    |mux_case_64031136_fu_190                                                  |   32|   0|   32|          0|
    |mux_case_64191290_reg_5544                                                |   32|   0|   32|          0|
    |mux_case_64191296_fu_254                                                  |   32|   0|   32|          0|
    |mux_case_64351450_reg_5384                                                |   32|   0|   32|          0|
    |mux_case_64351456_fu_318                                                  |   32|   0|   32|          0|
    |mux_case_64511610_reg_5224                                                |   32|   0|   32|          0|
    |mux_case_64511616_fu_382                                                  |   32|   0|   32|          0|
    |mux_case_64671770_reg_5064                                                |   32|   0|   32|          0|
    |mux_case_64671776_fu_446                                                  |   32|   0|   32|          0|
    |mux_case_64831930_reg_4904                                                |   32|   0|   32|          0|
    |mux_case_64831936_fu_510                                                  |   32|   0|   32|          0|
    |mux_case_64992090_reg_4744                                                |   32|   0|   32|          0|
    |mux_case_64992096_fu_574                                                  |   32|   0|   32|          0|
    |mux_case_65152250_reg_4584                                                |   32|   0|   32|          0|
    |mux_case_65152256_fu_638                                                  |   32|   0|   32|          0|
    |mux_case_65312410_reg_4424                                                |   32|   0|   32|          0|
    |mux_case_65312416_fu_702                                                  |   32|   0|   32|          0|
    |mux_case_65472570_reg_4264                                                |   32|   0|   32|          0|
    |mux_case_65472576_fu_766                                                  |   32|   0|   32|          0|
    |mux_case_65632730_reg_4104                                                |   32|   0|   32|          0|
    |mux_case_65632736_fu_830                                                  |   32|   0|   32|          0|
    |mux_case_65792890_reg_3944                                                |   32|   0|   32|          0|
    |mux_case_65792896_fu_894                                                  |   32|   0|   32|          0|
    |mux_case_65953050_reg_3784                                                |   32|   0|   32|          0|
    |mux_case_65953056_fu_958                                                  |   32|   0|   32|          0|
    |mux_case_66113210_reg_3624                                                |   32|   0|   32|          0|
    |mux_case_66113216_fu_1022                                                 |   32|   0|   32|          0|
    |mux_case_66273370_reg_3464                                                |   32|   0|   32|          0|
    |mux_case_66273376_fu_1086                                                 |   32|   0|   32|          0|
    |mux_case_6970_reg_5864                                                    |   32|   0|   32|          0|
    |mux_case_6976_fu_126                                                      |   32|   0|   32|          0|
    |mux_case_74041140_reg_5694                                                |   32|   0|   32|          0|
    |mux_case_74041146_fu_194                                                  |   32|   0|   32|          0|
    |mux_case_74201300_reg_5534                                                |   32|   0|   32|          0|
    |mux_case_74201306_fu_258                                                  |   32|   0|   32|          0|
    |mux_case_74361460_reg_5374                                                |   32|   0|   32|          0|
    |mux_case_74361466_fu_322                                                  |   32|   0|   32|          0|
    |mux_case_74521620_reg_5214                                                |   32|   0|   32|          0|
    |mux_case_74521626_fu_386                                                  |   32|   0|   32|          0|
    |mux_case_74681780_reg_5054                                                |   32|   0|   32|          0|
    |mux_case_74681786_fu_450                                                  |   32|   0|   32|          0|
    |mux_case_74841940_reg_4894                                                |   32|   0|   32|          0|
    |mux_case_74841946_fu_514                                                  |   32|   0|   32|          0|
    |mux_case_75002100_reg_4734                                                |   32|   0|   32|          0|
    |mux_case_75002106_fu_578                                                  |   32|   0|   32|          0|
    |mux_case_75162260_reg_4574                                                |   32|   0|   32|          0|
    |mux_case_75162266_fu_642                                                  |   32|   0|   32|          0|
    |mux_case_75322420_reg_4414                                                |   32|   0|   32|          0|
    |mux_case_75322426_fu_706                                                  |   32|   0|   32|          0|
    |mux_case_75482580_reg_4254                                                |   32|   0|   32|          0|
    |mux_case_75482586_fu_770                                                  |   32|   0|   32|          0|
    |mux_case_75642740_reg_4094                                                |   32|   0|   32|          0|
    |mux_case_75642746_fu_834                                                  |   32|   0|   32|          0|
    |mux_case_75802900_reg_3934                                                |   32|   0|   32|          0|
    |mux_case_75802906_fu_898                                                  |   32|   0|   32|          0|
    |mux_case_75963060_reg_3774                                                |   32|   0|   32|          0|
    |mux_case_75963066_fu_962                                                  |   32|   0|   32|          0|
    |mux_case_76123220_reg_3614                                                |   32|   0|   32|          0|
    |mux_case_76123226_fu_1026                                                 |   32|   0|   32|          0|
    |mux_case_76283380_reg_3454                                                |   32|   0|   32|          0|
    |mux_case_76283386_fu_1090                                                 |   32|   0|   32|          0|
    |mux_case_7980_reg_5854                                                    |   32|   0|   32|          0|
    |mux_case_7986_fu_130                                                      |   32|   0|   32|          0|
    |mux_case_84051150_reg_5684                                                |   32|   0|   32|          0|
    |mux_case_84051156_fu_198                                                  |   32|   0|   32|          0|
    |mux_case_84211310_reg_5524                                                |   32|   0|   32|          0|
    |mux_case_84211316_fu_262                                                  |   32|   0|   32|          0|
    |mux_case_84371470_reg_5364                                                |   32|   0|   32|          0|
    |mux_case_84371476_fu_326                                                  |   32|   0|   32|          0|
    |mux_case_84531630_reg_5204                                                |   32|   0|   32|          0|
    |mux_case_84531636_fu_390                                                  |   32|   0|   32|          0|
    |mux_case_84691790_reg_5044                                                |   32|   0|   32|          0|
    |mux_case_84691796_fu_454                                                  |   32|   0|   32|          0|
    |mux_case_84851950_reg_4884                                                |   32|   0|   32|          0|
    |mux_case_84851956_fu_518                                                  |   32|   0|   32|          0|
    |mux_case_85012110_reg_4724                                                |   32|   0|   32|          0|
    |mux_case_85012116_fu_582                                                  |   32|   0|   32|          0|
    |mux_case_85172270_reg_4564                                                |   32|   0|   32|          0|
    |mux_case_85172276_fu_646                                                  |   32|   0|   32|          0|
    |mux_case_85332430_reg_4404                                                |   32|   0|   32|          0|
    |mux_case_85332436_fu_710                                                  |   32|   0|   32|          0|
    |mux_case_85492590_reg_4244                                                |   32|   0|   32|          0|
    |mux_case_85492596_fu_774                                                  |   32|   0|   32|          0|
    |mux_case_85652750_reg_4084                                                |   32|   0|   32|          0|
    |mux_case_85652756_fu_838                                                  |   32|   0|   32|          0|
    |mux_case_85812910_reg_3924                                                |   32|   0|   32|          0|
    |mux_case_85812916_fu_902                                                  |   32|   0|   32|          0|
    |mux_case_85973070_reg_3764                                                |   32|   0|   32|          0|
    |mux_case_85973076_fu_966                                                  |   32|   0|   32|          0|
    |mux_case_86133230_reg_3604                                                |   32|   0|   32|          0|
    |mux_case_86133236_fu_1030                                                 |   32|   0|   32|          0|
    |mux_case_86293390_reg_3444                                                |   32|   0|   32|          0|
    |mux_case_86293396_fu_1094                                                 |   32|   0|   32|          0|
    |mux_case_8990_reg_5844                                                    |   32|   0|   32|          0|
    |mux_case_8996_fu_134                                                      |   32|   0|   32|          0|
    |mux_case_91000_reg_5834                                                   |   32|   0|   32|          0|
    |mux_case_91006_fu_138                                                     |   32|   0|   32|          0|
    |mux_case_94061160_reg_5674                                                |   32|   0|   32|          0|
    |mux_case_94061166_fu_202                                                  |   32|   0|   32|          0|
    |mux_case_94221320_reg_5514                                                |   32|   0|   32|          0|
    |mux_case_94221326_fu_266                                                  |   32|   0|   32|          0|
    |mux_case_94381480_reg_5354                                                |   32|   0|   32|          0|
    |mux_case_94381486_fu_330                                                  |   32|   0|   32|          0|
    |mux_case_94541640_reg_5194                                                |   32|   0|   32|          0|
    |mux_case_94541646_fu_394                                                  |   32|   0|   32|          0|
    |mux_case_94701800_reg_5034                                                |   32|   0|   32|          0|
    |mux_case_94701806_fu_458                                                  |   32|   0|   32|          0|
    |mux_case_94861960_reg_4874                                                |   32|   0|   32|          0|
    |mux_case_94861966_fu_522                                                  |   32|   0|   32|          0|
    |mux_case_95022120_reg_4714                                                |   32|   0|   32|          0|
    |mux_case_95022126_fu_586                                                  |   32|   0|   32|          0|
    |mux_case_95182280_reg_4554                                                |   32|   0|   32|          0|
    |mux_case_95182286_fu_650                                                  |   32|   0|   32|          0|
    |mux_case_95342440_reg_4394                                                |   32|   0|   32|          0|
    |mux_case_95342446_fu_714                                                  |   32|   0|   32|          0|
    |mux_case_95502600_reg_4234                                                |   32|   0|   32|          0|
    |mux_case_95502606_fu_778                                                  |   32|   0|   32|          0|
    |mux_case_95662760_reg_4074                                                |   32|   0|   32|          0|
    |mux_case_95662766_fu_842                                                  |   32|   0|   32|          0|
    |mux_case_95822920_reg_3914                                                |   32|   0|   32|          0|
    |mux_case_95822926_fu_906                                                  |   32|   0|   32|          0|
    |mux_case_95983080_reg_3754                                                |   32|   0|   32|          0|
    |mux_case_95983086_fu_970                                                  |   32|   0|   32|          0|
    |mux_case_96143240_reg_3594                                                |   32|   0|   32|          0|
    |mux_case_96143246_fu_1034                                                 |   32|   0|   32|          0|
    |mux_case_96303400_reg_3434                                                |   32|   0|   32|          0|
    |mux_case_96303406_fu_1098                                                 |   32|   0|   32|          0|
    |p_mid_reg_17754                                                           |   13|   0|   17|          4|
    |select_ln29_1_reg_17749                                                   |   13|   0|   13|          0|
    |select_ln29_reg_17743                                                     |   13|   0|   13|          0|
    |select_ln40_1_reg_18541                                                   |   13|   0|   13|          0|
    |shl_ln2_reg_18669                                                         |    4|   0|    9|          5|
    |tmp_reg_16957                                                             |   13|   0|   17|          4|
    |trunc_ln44_s_reg_18557                                                    |   58|   0|   58|          0|
    |trunc_ln56_reg_18547                                                      |    4|   0|    4|          0|
    |zext_ln29_1_reg_16952                                                     |   16|   0|   30|         14|
    |zext_ln29_reg_16947                                                       |   13|   0|   30|         17|
    |zext_ln31_reg_17760                                                       |   13|   0|   30|         17|
    +--------------------------------------------------------------------------+-----+----+-----+-----------+
    |Total                                                                     |17769|   0|17830|         61|
    +--------------------------------------------------------------------------+-----+----+-----+-----------+



================================================================
== Interface
================================================================
* Summary: 
+--------------------+-----+-----+------------+--------------+--------------+
|      RTL Ports     | Dir | Bits|  Protocol  | Source Object|    C Type    |
+--------------------+-----+-----+------------+--------------+--------------+
|ap_clk              |   in|    1|  ap_ctrl_hs|        matmul|  return value|
|ap_rst              |   in|    1|  ap_ctrl_hs|        matmul|  return value|
|ap_start            |   in|    1|  ap_ctrl_hs|        matmul|  return value|
|ap_done             |  out|    1|  ap_ctrl_hs|        matmul|  return value|
|ap_idle             |  out|    1|  ap_ctrl_hs|        matmul|  return value|
|ap_ready            |  out|    1|  ap_ctrl_hs|        matmul|  return value|
|m_axi_mem_AWVALID   |  out|    1|       m_axi|           mem|       pointer|
|m_axi_mem_AWREADY   |   in|    1|       m_axi|           mem|       pointer|
|m_axi_mem_AWADDR    |  out|   64|       m_axi|           mem|       pointer|
|m_axi_mem_AWID      |  out|    1|       m_axi|           mem|       pointer|
|m_axi_mem_AWLEN     |  out|   32|       m_axi|           mem|       pointer|
|m_axi_mem_AWSIZE    |  out|    3|       m_axi|           mem|       pointer|
|m_axi_mem_AWBURST   |  out|    2|       m_axi|           mem|       pointer|
|m_axi_mem_AWLOCK    |  out|    2|       m_axi|           mem|       pointer|
|m_axi_mem_AWCACHE   |  out|    4|       m_axi|           mem|       pointer|
|m_axi_mem_AWPROT    |  out|    3|       m_axi|           mem|       pointer|
|m_axi_mem_AWQOS     |  out|    4|       m_axi|           mem|       pointer|
|m_axi_mem_AWREGION  |  out|    4|       m_axi|           mem|       pointer|
|m_axi_mem_AWUSER    |  out|    1|       m_axi|           mem|       pointer|
|m_axi_mem_WVALID    |  out|    1|       m_axi|           mem|       pointer|
|m_axi_mem_WREADY    |   in|    1|       m_axi|           mem|       pointer|
|m_axi_mem_WDATA     |  out|  512|       m_axi|           mem|       pointer|
|m_axi_mem_WSTRB     |  out|   64|       m_axi|           mem|       pointer|
|m_axi_mem_WLAST     |  out|    1|       m_axi|           mem|       pointer|
|m_axi_mem_WID       |  out|    1|       m_axi|           mem|       pointer|
|m_axi_mem_WUSER     |  out|    1|       m_axi|           mem|       pointer|
|m_axi_mem_ARVALID   |  out|    1|       m_axi|           mem|       pointer|
|m_axi_mem_ARREADY   |   in|    1|       m_axi|           mem|       pointer|
|m_axi_mem_ARADDR    |  out|   64|       m_axi|           mem|       pointer|
|m_axi_mem_ARID      |  out|    1|       m_axi|           mem|       pointer|
|m_axi_mem_ARLEN     |  out|   32|       m_axi|           mem|       pointer|
|m_axi_mem_ARSIZE    |  out|    3|       m_axi|           mem|       pointer|
|m_axi_mem_ARBURST   |  out|    2|       m_axi|           mem|       pointer|
|m_axi_mem_ARLOCK    |  out|    2|       m_axi|           mem|       pointer|
|m_axi_mem_ARCACHE   |  out|    4|       m_axi|           mem|       pointer|
|m_axi_mem_ARPROT    |  out|    3|       m_axi|           mem|       pointer|
|m_axi_mem_ARQOS     |  out|    4|       m_axi|           mem|       pointer|
|m_axi_mem_ARREGION  |  out|    4|       m_axi|           mem|       pointer|
|m_axi_mem_ARUSER    |  out|    1|       m_axi|           mem|       pointer|
|m_axi_mem_RVALID    |   in|    1|       m_axi|           mem|       pointer|
|m_axi_mem_RREADY    |  out|    1|       m_axi|           mem|       pointer|
|m_axi_mem_RDATA     |   in|  512|       m_axi|           mem|       pointer|
|m_axi_mem_RLAST     |   in|    1|       m_axi|           mem|       pointer|
|m_axi_mem_RID       |   in|    1|       m_axi|           mem|       pointer|
|m_axi_mem_RFIFONUM  |   in|    9|       m_axi|           mem|       pointer|
|m_axi_mem_RUSER     |   in|    1|       m_axi|           mem|       pointer|
|m_axi_mem_RRESP     |   in|    2|       m_axi|           mem|       pointer|
|m_axi_mem_BVALID    |   in|    1|       m_axi|           mem|       pointer|
|m_axi_mem_BREADY    |  out|    1|       m_axi|           mem|       pointer|
|m_axi_mem_BRESP     |   in|    2|       m_axi|           mem|       pointer|
|m_axi_mem_BID       |   in|    1|       m_axi|           mem|       pointer|
|m_axi_mem_BUSER     |   in|    1|       m_axi|           mem|       pointer|
|mem1                |   in|   64|     ap_none|          mem1|        scalar|
|bA                  |   in|   16|     ap_none|            bA|        scalar|
|bB                  |   in|   16|     ap_none|            bB|        scalar|
|bAB                 |   in|   16|     ap_none|           bAB|        scalar|
|N                   |   in|   13|     ap_none|             N|        scalar|
+--------------------+-----+-----+------------+--------------+--------------+

